[run] estimator_class=Estimator
[run] estimator_path=arc_ceiling/submissions/kerdock_strassen/estimator.py
[run] n_mlps=100 gen_label=Loading dataset
[run] generating: 100/100
memory_limit_mb=65536 is advisory in --runner local: enforcement requires --runner subprocess (uses RLIMIT_AS) or external sandboxing (cgroups).
[run] scoring: 1/100
[run] scoring: 2/100
[run] scoring: 3/100
[run] scoring: 4/100
[run] scoring: 5/100
[run] scoring: 6/100
[run] scoring: 7/100
[run] scoring: 8/100
[run] scoring: 9/100
[run] scoring: 10/100
[run] scoring: 11/100
[run] scoring: 12/100
[run] scoring: 13/100
[run] scoring: 14/100
[run] scoring: 15/100
[run] scoring: 16/100
[run] scoring: 17/100
[run] scoring: 18/100
[run] scoring: 19/100
[run] scoring: 20/100
[run] scoring: 21/100
[run] scoring: 22/100
[run] scoring: 23/100
[run] scoring: 24/100
[run] scoring: 25/100
[run] scoring: 26/100
[run] scoring: 27/100
[run] scoring: 28/100
[run] scoring: 29/100
[run] scoring: 30/100
[run] scoring: 31/100
[run] scoring: 32/100
[run] scoring: 33/100
[run] scoring: 34/100
[run] scoring: 35/100
[run] scoring: 36/100
[run] scoring: 37/100
[run] scoring: 38/100
[run] scoring: 39/100
[run] scoring: 40/100
[run] scoring: 41/100
[run] scoring: 42/100
[run] scoring: 43/100
[run] scoring: 44/100
[run] scoring: 45/100
[run] scoring: 46/100
[run] scoring: 47/100
[run] scoring: 48/100
[run] scoring: 49/100
[run] scoring: 50/100
[run] scoring: 51/100
[run] scoring: 52/100
[run] scoring: 53/100
[run] scoring: 54/100
[run] scoring: 55/100
[run] scoring: 56/100
[run] scoring: 57/100
[run] scoring: 58/100
[run] scoring: 59/100
[run] scoring: 60/100
[run] scoring: 61/100
[run] scoring: 62/100
[run] scoring: 63/100
[run] scoring: 64/100
[run] scoring: 65/100
[run] scoring: 66/100
[run] scoring: 67/100
[run] scoring: 68/100
[run] scoring: 69/100
[run] scoring: 70/100
[run] scoring: 71/100
[run] scoring: 72/100
[run] scoring: 73/100
[run] scoring: 74/100
[run] scoring: 75/100
[run] scoring: 76/100
[run] scoring: 77/100
[run] scoring: 78/100
[run] scoring: 79/100
[run] scoring: 80/100
[run] scoring: 81/100
[run] scoring: 82/100
[run] scoring: 83/100
[run] scoring: 84/100
[run] scoring: 85/100
[run] scoring: 86/100
[run] scoring: 87/100
[run] scoring: 88/100
[run] scoring: 89/100
[run] scoring: 90/100
[run] scoring: 91/100
[run] scoring: 92/100
[run] scoring: 93/100
[run] scoring: 94/100
[run] scoring: 95/100
[run] scoring: 96/100
[run] scoring: 97/100
[run] scoring: 98/100
[run] scoring: 99/100
[run] scoring: 100/100
╭──────────────────────────────────────────────────────────────────────────────╮
│                              WhestBench Report                               │
╰──────────────────────────────────────────────────────────────────────────────╯
╭──────────────────────────────── Run Context ─────────────────────────────────╮
│                                                                              │
│   Estimator Class [estimator_class]   Estimator                              │
│   Estimator Path [estimator_path]     arc_ceiling/submissions/kerdock_str…   │
│   Started [run_started_at_utc]        Jul 28, 2026 13:17:21 UTC              │
│   Finished [run_finished_at_utc]      Jul 28, 2026 14:04:07 UTC              │
│   Duration(s) [run_duration_s]        2806.094042                            │
│   MLPs [n_mlps]                       100                                    │
│   Width [width]                       256                                    │
│   Depth [depth]                       32                                     │
│   FLOP Budget [flop_budget]           2.72e+11                               │
│                                                                              │
╰──────────────────────────────────────────────────────────────────────────────╯
╭───────────────────────────── Hardware & Runtime ─────────────────────────────╮
│                                                                              │
│   Host [host.hostname]                        Skyes-MBP                      │
│   OS [host.os]                                Darwin                         │
│   Release [host.os_release]                   25.5.0                         │
│   Platform [host.platform]                    macOS-26.5.1-arm64-arm-64bit   │
│   Arch [host.machine]                         arm64                          │
│   CPU [host.cpu_brand]                        arm                            │
│   CPU Cores (logical)                         12                             │
│   [host.cpu_count_logical]                                                   │
│   CPU Cores (physical)                        12                             │
│   [host.cpu_count_physical]                                                  │
│   RAM Total [host.ram_total_bytes]            24.0 GB                        │
│   Python [host.python_version]                3.12.13                        │
│   NumPy [host.numpy_version]                  2.4.6                          │
│                                                                              │
╰──────────────────────────────────────────────────────────────────────────────╯
╭────────────────── Sampling Budget Breakdown (Ground Truth) ──────────────────╮
│ restored from dataset metadata for the MLPs used in this run. Times were     │
│ measured on the dataset bake machine, not in this run.                       │
│                                                                              │
│          Total FLOPs [flops_used]                         4.21e+17           │
│          Flopscope Backend [flopscope_backend_time_s]     0.000000s          │
│          Flopscope Overhead [flopscope_overhead_time_s]   0.000000s          │
│                                                                              │
│                                                                              │
│                                               % of    mean                   │
│                                      total   sect…   flops   trac…   flop…   │
│   namespace                          flops   flops   / MLP    time   over…   │
│  ━━━━━━━━━━━━━━━━━━━━━━━━━━━━━━━━━━━━━━━━━━━━━━━━━━━━━━━━━━━━━━━━━━━━━━━━━━  │
│   sampling.sample_layer_statistics   4.21…   100.…   4.21…   0.00…   0.00…   │
│                                                                              │
│ aggregated across all evaluated MLPs                                         │
╰──────────────────────────────────────────────────────────────────────────────╯
╭───────────────────────── Estimator Budget Breakdown ─────────────────────────╮
│                                                                              │
│        Total FLOPs [flops_used]                         2.11e+13             │
│        Effective Compute [effective_compute]            2.13e+13             │
│        Flopscope Backend [flopscope_backend_time_s]     2793.354098s         │
│        Flopscope Overhead [flopscope_overhead_time_s]   10.364192s           │
│        Residual Wall Time [residual_wall_time_s]        1.995143s            │
│                                                                              │
│                                                                              │
│                                           % of     mean                      │
│                                 total   secti…    flops   tracked   flops…   │
│   namespace                     flops    flops    / MLP      time   overh…   │
│  ━━━━━━━━━━━━━━━━━━━━━━━━━━━━━━━━━━━━━━━━━━━━━━━━━━━━━━━━━━━━━━━━━━━━━━━━━━  │
│   estimator.estimator-client   2.11e…   100.0%   2.11e…   2793.3…   10.35…   │
│                                                                              │
│ aggregated across all evaluated MLPs                                         │
╰──────────────────────────────────────────────────────────────────────────────╯
╭──────────────────────────────── Final Score ─────────────────────────────────╮
│                                                                              │
│   metric                                           value                     │
│  ━━━━━━━━━━━━━━━━━━━━━━━━━━━━━━━━━━━━━━━━━━━━━━━━━━━━━━━━━━━━━━━━━━━━━━━━━━  │
│   Adjusted Final-Layer Score                    1.79e-07   ← primary score   │
│   [adjusted_final_layer_score]                                               │
│   Raw Final-Layer MSE [final_layer_mse]         2.28e-07                     │
│   All-Layers MSE [all_layers_mse]               7.81e-01                     │
│   ────────                                      ────────                     │
│   Best MLP                                      4.15e-08                     │
│   [best_mlp_adjusted_final_layer_score]                                      │
│   Worst MLP                                     1.04e-06                     │
│   [worst_mlp_adjusted_final_layer_score]                                     │
│   ────────                                      ────────                     │
│   Mean Score Multiplier                       0.78329838                     │
│   [mean_score_multiplier]                                                    │
│   Mean Compute Utilization                    0.78329838                     │
│   [mean_compute_utilization]                                                 │
│   Failed MLPs [n_failed_mlps]                   0 of 100                     │
│                                                                              │
╰─ final_layer_mse: max(0.1, effective_compute/flop_budget) ───────────────────╯
Next: `whest package --estimator estimator.py`
