{"done": 1, "n": 32, "seed": 466926646, "rot": 3, "runtime": 4.47686767578125}
{"done": 2, "n": 32, "seed": 109088566, "rot": 3, "runtime": 4.171776294708252}
{"done": 3, "n": 32, "seed": 422494190, "rot": 3, "runtime": 3.4519379138946533}
{"done": 4, "n": 32, "seed": 497920322, "rot": 3, "runtime": 3.5873048305511475}
{"done": 5, "n": 32, "seed": 511208051, "rot": 3, "runtime": 3.379284620285034}
{"done": 6, "n": 32, "seed": 1826466176, "rot": 3, "runtime": 3.846048355102539}
{"done": 7, "n": 32, "seed": 1628255301, "rot": 3, "runtime": 3.7098238468170166}
{"done": 8, "n": 32, "seed": 1858848472, "rot": 3, "runtime": 4.022825717926025}
{"done": 9, "n": 32, "seed": 1222014226, "rot": 3, "runtime": 4.2129528522491455}
{"done": 10, "n": 32, "seed": 1456209683, "rot": 3, "runtime": 3.3591036796569824}
{"done": 11, "n": 32, "seed": 306747001, "rot": 3, "runtime": 5.800022840499878}
{"done": 12, "n": 32, "seed": 1190593559, "rot": 3, "runtime": 9.267591953277588}
{"done": 13, "n": 32, "seed": 1750399078, "rot": 3, "runtime": 10.67947006225586}
{"done": 14, "n": 32, "seed": 1347360544, "rot": 3, "runtime": 6.3552772998809814}
{"done": 15, "n": 32, "seed": 773242002, "rot": 3, "runtime": 3.6211516857147217}
{"done": 16, "n": 32, "seed": 348677245, "rot": 3, "runtime": 3.0998215675354004}
{"done": 17, "n": 32, "seed": 542120900, "rot": 3, "runtime": 3.6826171875}
{"done": 18, "n": 32, "seed": 406259924, "rot": 3, "runtime": 3.7840113639831543}
{"done": 19, "n": 32, "seed": 1751847742, "rot": 3, "runtime": 3.6630756855010986}
{"done": 20, "n": 32, "seed": 1220543643, "rot": 3, "runtime": 3.2597968578338623}
{"done": 21, "n": 32, "seed": 680708219, "rot": 3, "runtime": 3.494354248046875}
{"done": 22, "n": 32, "seed": 490110054, "rot": 3, "runtime": 3.5471463203430176}
{"done": 23, "n": 32, "seed": 493891104, "rot": 3, "runtime": 3.686243772506714}
{"done": 24, "n": 32, "seed": 205215497, "rot": 3, "runtime": 3.875523090362549}
{"done": 25, "n": 32, "seed": 205215497, "rot": 11, "runtime": 3.7911078929901123}
{"done": 26, "n": 32, "seed": 205215497, "rot": 97, "runtime": 3.508558988571167}
{"done": 27, "n": 32, "seed": 493891104, "rot": 11, "runtime": 3.491274833679199}
{"done": 28, "n": 32, "seed": 493891104, "rot": 97, "runtime": 4.072308778762817}
{"done": 29, "n": 32, "seed": 422494190, "rot": 11, "runtime": 3.817521095275879}
{"done": 30, "n": 32, "seed": 422494190, "rot": 97, "runtime": 3.471367597579956}
{"done": 31, "n": 32, "seed": 680708219, "rot": 11, "runtime": 3.3994624614715576}
{"done": 32, "n": 32, "seed": 680708219, "rot": 97, "runtime": 3.800774335861206}
{
  "n_examples": 32,
  "n_groups": 24,
  "n_features": 1529,
  "threads": 16
}
