{"id": 4400, "rot": 3, "sec": 3.99, "base_u": 5.359342538225631e-07, "rank2_u_ratio": 0.493162149748087, "legalpred_u_ratio": 1.3898363747041351}
{"id": 4400, "rot": 11, "sec": 3.04, "base_u": 8.923236416783005e-07, "rank2_u_ratio": 0.32432340257120723, "legalpred_u_ratio": 1.267652550922236}
{"id": 4400, "rot": 97, "sec": 2.59, "base_u": 3.539978456929378e-07, "rank2_u_ratio": 0.6012419684583252, "legalpred_u_ratio": 1.5394116622127625}
network 4400 total 28.0
{"id": 4401, "rot": 3, "sec": 3.88, "base_u": 8.672609170651567e-07, "rank2_u_ratio": 0.7658816799352179, "legalpred_u_ratio": 1.074718032177167}
{"id": 4401, "rot": 11, "sec": 2.7, "base_u": 6.377905844817955e-07, "rank2_u_ratio": 0.5617500141463438, "legalpred_u_ratio": 1.0772968833428183}
{"id": 4401, "rot": 97, "sec": 2.89, "base_u": 7.083052365684665e-07, "rank2_u_ratio": 0.47874075356916723, "legalpred_u_ratio": 1.0400080659160857}
network 4401 total 32.1
{"id": 4402, "rot": 3, "sec": 3.91, "base_u": 8.909626165103358e-07, "rank2_u_ratio": 0.17749143091876346, "legalpred_u_ratio": 0.9234035717135792}
{"id": 4402, "rot": 11, "sec": 2.65, "base_u": 5.338356990912109e-07, "rank2_u_ratio": 0.5733602243230151, "legalpred_u_ratio": 0.9124587291638874}
{"id": 4402, "rot": 97, "sec": 2.57, "base_u": 7.392610450014108e-07, "rank2_u_ratio": 0.4105591917982597, "legalpred_u_ratio": 0.9198986781692183}
network 4402 total 30.0
{"id": 4403, "rot": 3, "sec": 4.05, "base_u": -2.446550566543176e-06, "rank2_u_ratio": -2.4205536141338292e+294, "legalpred_u_ratio": -2.4750609488522383e+294}
{"id": 4403, "rot": 11, "sec": 2.7, "base_u": -2.4540675627009733e-06, "rank2_u_ratio": -2.4746366887129922e+294, "legalpred_u_ratio": -2.4781183294089143e+294}
{"id": 4403, "rot": 97, "sec": 2.64, "base_u": -2.8087614814090682e-06, "rank2_u_ratio": -2.5091715748618264e+294, "legalpred_u_ratio": -2.82976351862996e+294}
network 4403 total 28.2
{"id": 4404, "rot": 3, "sec": 3.88, "base_u": 1.5035852742425435e-07, "rank2_u_ratio": 2.091296243911544, "legalpred_u_ratio": 1.047282791131602}
{"id": 4404, "rot": 11, "sec": 7.26, "base_u": 3.259434550799557e-07, "rank2_u_ratio": 0.7443504750401783, "legalpred_u_ratio": 1.0288844320935933}
{"id": 4404, "rot": 97, "sec": 3.3, "base_u": -1.0643952805247446e-09, "rank2_u_ratio": 2.033858601176024e+293, "legalpred_u_ratio": 3.9112827302124177e+291}
network 4404 total 34.9
{"id": 4405, "rot": 3, "sec": 4.34, "base_u": 3.245188395839816e-06, "rank2_u_ratio": 1.5746549357486148, "legalpred_u_ratio": 0.9724343215665373}
{"id": 4405, "rot": 11, "sec": 3.41, "base_u": 2.8407326693504544e-06, "rank2_u_ratio": 1.4877627509584914, "legalpred_u_ratio": 0.9708744701294499}
{"id": 4405, "rot": 97, "sec": 2.92, "base_u": 1.9353243002584636e-06, "rank2_u_ratio": 2.310120064603003, "legalpred_u_ratio": 0.9640403594775216}
network 4405 total 32.7
{"id": 4406, "rot": 3, "sec": 4.38, "base_u": -8.02649628757255e-08, "rank2_u_ratio": 1.1799374816450899e+293, "legalpred_u_ratio": -8.030146373092347e+292}
{"id": 4406, "rot": 11, "sec": 2.66, "base_u": -3.4162609073445007e-08, "rank2_u_ratio": 9.66255011747783e+292, "legalpred_u_ratio": -3.18749988263124e+292}
{"id": 4406, "rot": 97, "sec": 2.9, "base_u": -4.665508690758553e-08, "rank2_u_ratio": 8.031298603515072e+292, "legalpred_u_ratio": -4.293809713698044e+292}
network 4406 total 27.8
{"id": 4407, "rot": 3, "sec": 4.42, "base_u": 4.730103062623079e-06, "rank2_u_ratio": 0.04204760507500308, "legalpred_u_ratio": 1.0514877179344262}
{"id": 4407, "rot": 11, "sec": 3.25, "base_u": 1.2945954069174336e-06, "rank2_u_ratio": -0.17869416045889142, "legalpred_u_ratio": 1.1017490918315234}
{"id": 4407, "rot": 97, "sec": 2.86, "base_u": 2.4580343672195737e-06, "rank2_u_ratio": 0.05829636840960874, "legalpred_u_ratio": 1.072552146475498}
network 4407 total 30.3
{"id": 4408, "rot": 3, "sec": 3.91, "base_u": 4.6571671034768023e-07, "rank2_u_ratio": 0.1716402635785287, "legalpred_u_ratio": 0.9079576088439513}
{"id": 4408, "rot": 11, "sec": 2.77, "base_u": 1.4258412525066869e-07, "rank2_u_ratio": 1.38903477359624, "legalpred_u_ratio": 0.7541693834905792}
{"id": 4408, "rot": 97, "sec": 2.81, "base_u": 6.744375707315947e-07, "rank2_u_ratio": 0.4312135655824984, "legalpred_u_ratio": 0.9293671052807484}
network 4408 total 28.6
{"id": 4409, "rot": 3, "sec": 4.49, "base_u": -5.356893428226548e-07, "rank2_u_ratio": -5.652740149193734e+293, "legalpred_u_ratio": -5.467499898070353e+293}
{"id": 4409, "rot": 11, "sec": 2.74, "base_u": -1.0759580823302032e-06, "rank2_u_ratio": -9.602755038146928e+293, "legalpred_u_ratio": -1.0921039378734617e+294}
{"id": 4409, "rot": 97, "sec": 2.93, "base_u": -2.3751307935051887e-07, "rank2_u_ratio": -6.561169975986864e+293, "legalpred_u_ratio": -3.1290564704835286e+293}
network 4409 total 29.5
{"id": 4410, "rot": 3, "sec": 3.86, "base_u": 1.3838508788488497e-06, "rank2_u_ratio": 1.099538355111339, "legalpred_u_ratio": 1.0163100164608503}
{"id": 4410, "rot": 11, "sec": 2.87, "base_u": 7.465595929222029e-07, "rank2_u_ratio": 2.0571497245434265, "legalpred_u_ratio": 1.0051149641741648}
{"id": 4410, "rot": 97, "sec": 2.76, "base_u": 1.8258772381042457e-07, "rank2_u_ratio": 5.0160839242594575, "legalpred_u_ratio": 1.0089909617975228}
network 4410 total 32.5
{"id": 4411, "rot": 3, "sec": 4.61, "base_u": 6.966006919221445e-08, "rank2_u_ratio": 5.316708412024982, "legalpred_u_ratio": 1.511533470589079}
{"id": 4411, "rot": 11, "sec": 3.03, "base_u": 5.925853356837734e-07, "rank2_u_ratio": 0.9497834603347467, "legalpred_u_ratio": 1.1508925188176167}
{"id": 4411, "rot": 97, "sec": 3.27, "base_u": 4.817290710459279e-07, "rank2_u_ratio": 1.0517290572899072, "legalpred_u_ratio": 1.2254983014789622}
network 4411 total 30.2
{"id": 4412, "rot": 3, "sec": 7.6, "base_u": -1.4973558090984603e-06, "rank2_u_ratio": -1.6743471428166732e+294, "legalpred_u_ratio": -1.5280775974136543e+294}
{"id": 4412, "rot": 11, "sec": 3.83, "base_u": -1.7566052653740593e-06, "rank2_u_ratio": -1.7885464696895514e+294, "legalpred_u_ratio": -1.7665685656548113e+294}
{"id": 4412, "rot": 97, "sec": 2.91, "base_u": -1.6873358226321314e-06, "rank2_u_ratio": -1.6278249759768395e+294, "legalpred_u_ratio": -1.7170560089956056e+294}
network 4412 total 36.5
{"id": 4413, "rot": 3, "sec": 10.85, "base_u": 3.9062304162972205e-07, "rank2_u_ratio": 3.3262255184521856, "legalpred_u_ratio": 1.0206595839452015}
{"id": 4413, "rot": 11, "sec": 3.16, "base_u": 5.6860726904475996e-08, "rank2_u_ratio": 19.103830655597, "legalpred_u_ratio": 1.1371591434002266}
{"id": 4413, "rot": 97, "sec": 3.25, "base_u": 5.619875261289332e-07, "rank2_u_ratio": 2.5934459735823503, "legalpred_u_ratio": 1.0006382584546836}
network 4413 total 38.7
{"id": 4414, "rot": 3, "sec": 3.89, "base_u": 9.512769070996531e-07, "rank2_u_ratio": 0.689615489427188, "legalpred_u_ratio": 1.0389085813222378}
{"id": 4414, "rot": 11, "sec": 9.53, "base_u": 4.598515813182276e-07, "rank2_u_ratio": 2.0762738587637264, "legalpred_u_ratio": 1.0299456127292472}
{"id": 4414, "rot": 97, "sec": 3.31, "base_u": 4.77920468879028e-07, "rank2_u_ratio": 1.596959552938586, "legalpred_u_ratio": 1.0329306404645378}
network 4414 total 33.7
{"id": 4415, "rot": 3, "sec": 5.16, "base_u": 9.25220105012969e-08, "rank2_u_ratio": 1.6511708222361945, "legalpred_u_ratio": 0.986823819949952}
{"id": 4415, "rot": 11, "sec": 2.68, "base_u": -3.0616937181872915e-08, "rank2_u_ratio": 2.2110216875915536e+293, "legalpred_u_ratio": -2.6476975305741223e+292}
{"id": 4415, "rot": 97, "sec": 6.17, "base_u": -9.159990502578685e-08, "rank2_u_ratio": 3.1890272735903696e+292, "legalpred_u_ratio": -9.377233105309093e+292}
network 4415 total 32.8
{"id": 4416, "rot": 3, "sec": 3.86, "base_u": 5.878678929904112e-07, "rank2_u_ratio": 1.8844863198825472, "legalpred_u_ratio": 0.9142772028387233}
{"id": 4416, "rot": 11, "sec": 2.68, "base_u": -2.1767836478969612e-07, "rank2_u_ratio": 1.2354577466609143e+294, "legalpred_u_ratio": -2.745549804584328e+293}
{"id": 4416, "rot": 97, "sec": 5.05, "base_u": 3.148292645974824e-07, "rank2_u_ratio": 4.5826713899575635, "legalpred_u_ratio": 0.7605408262914026}
network 4416 total 37.0
{"id": 4417, "rot": 3, "sec": 4.0, "base_u": 9.292527906169718e-07, "rank2_u_ratio": 0.57279996836809, "legalpred_u_ratio": 1.1378622944783152}
{"id": 4417, "rot": 11, "sec": 3.06, "base_u": 2.566991872908271e-07, "rank2_u_ratio": 0.5531745768559426, "legalpred_u_ratio": 1.3518584598304308}
{"id": 4417, "rot": 97, "sec": 3.02, "base_u": 5.7845628909305136e-08, "rank2_u_ratio": 1.947693388567981, "legalpred_u_ratio": 2.0366985697051936}
network 4417 total 45.7
{"id": 4418, "rot": 3, "sec": 3.72, "base_u": 6.319187070006398e-07, "rank2_u_ratio": 1.559070346288325, "legalpred_u_ratio": 1.0390007997748485}
{"id": 4418, "rot": 11, "sec": 3.26, "base_u": 6.465844788437306e-07, "rank2_u_ratio": 1.2577439201618519, "legalpred_u_ratio": 1.0479093740966767}
{"id": 4418, "rot": 97, "sec": 3.17, "base_u": 7.273547646030451e-07, "rank2_u_ratio": 1.1876442863503842, "legalpred_u_ratio": 1.0481028512077066}
network 4418 total 28.5
{"id": 4419, "rot": 3, "sec": 4.66, "base_u": -5.152827156299497e-09, "rank2_u_ratio": 3.4120852142236204e+293, "legalpred_u_ratio": 3.1123013525257266e+292}
{"id": 4419, "rot": 11, "sec": 2.91, "base_u": 2.9866665173583884e-07, "rank2_u_ratio": 1.5185714747138688, "legalpred_u_ratio": 1.0493429803820118}
{"id": 4419, "rot": 97, "sec": 3.03, "base_u": 1.226128341001479e-07, "rank2_u_ratio": 2.1259493662047517, "legalpred_u_ratio": 1.2481198237813604}
network 4419 total 44.0
{"id": 4420, "rot": 3, "sec": 3.94, "base_u": -4.3199818871212045e-07, "rank2_u_ratio": -4.2838991612667665e+293, "legalpred_u_ratio": -4.350870794518273e+293}
{"id": 4420, "rot": 11, "sec": 2.9, "base_u": -1.1404375990640642e-07, "rank2_u_ratio": -3.9793107363596e+293, "legalpred_u_ratio": -1.378588367861039e+293}
{"id": 4420, "rot": 97, "sec": 9.96, "base_u": 8.617702820271916e-09, "rank2_u_ratio": -43.52652299204752, "legalpred_u_ratio": -1.6947287149516281}
network 4420 total 36.9
{"id": 4421, "rot": 3, "sec": 4.57, "base_u": 5.700787333792136e-07, "rank2_u_ratio": -0.014562135706565399, "legalpred_u_ratio": 0.847759048293055}
{"id": 4421, "rot": 11, "sec": 3.3, "base_u": 4.328727797548625e-07, "rank2_u_ratio": 0.36023074108751346, "legalpred_u_ratio": 0.9244622381735623}
{"id": 4421, "rot": 97, "sec": 2.77, "base_u": 9.146509627573276e-07, "rank2_u_ratio": -0.01637836451791223, "legalpred_u_ratio": 0.8997267557612577}
network 4421 total 35.5
{"id": 4422, "rot": 3, "sec": 4.09, "base_u": -8.390965654747362e-07, "rank2_u_ratio": -1.0576031697580833e+294, "legalpred_u_ratio": -8.374352555050043e+293}
{"id": 4422, "rot": 11, "sec": 2.7, "base_u": -1.030983401709319e-06, "rank2_u_ratio": -1.0359863642286489e+294, "legalpred_u_ratio": -1.0295195393617655e+294}
{"id": 4422, "rot": 97, "sec": 2.92, "base_u": -4.76957014757569e-07, "rank2_u_ratio": -3.240134301081e+293, "legalpred_u_ratio": -4.824315371230473e+293}
network 4422 total 29.2
{"id": 4423, "rot": 3, "sec": 5.5, "base_u": 1.3494885311787654e-07, "rank2_u_ratio": 0.9145967051079285, "legalpred_u_ratio": 0.8957330539395992}
{"id": 4423, "rot": 11, "sec": 3.39, "base_u": 3.151434763425337e-07, "rank2_u_ratio": 1.0754743044145723, "legalpred_u_ratio": 0.9469684131804602}
{"id": 4423, "rot": 97, "sec": 3.58, "base_u": 1.3873762291367855e-07, "rank2_u_ratio": 1.1173844075338482, "legalpred_u_ratio": 1.022957300671033}
network 4423 total 36.5
FINAL {
  "protocol": {
    "anchor_streams_per_network": 2,
    "target_streams_per_network": 2,
    "nodes_per_stream": 16384,
    "independence": "anchor moments and output targets use disjoint scrambled Sobol seeds",
    "validation_groups": [
      4400,
      4401,
      4402,
      4403,
      4404,
      4405,
      4406,
      4407,
      4408,
      4409,
      4410,
      4411,
      4412,
      4413,
      4414,
      4415,
      4416,
      4417,
      4418,
      4419,
      4420,
      4421,
      4422,
      4423
    ],
    "rotations": [
      3,
      11,
      97
    ],
    "frozen_rank": 2,
    "frozen_mechanism": "V_beta"
  },
  "metrics": {
    "zero": {
      "aggregate_unbiased_ratio": 1.0,
      "grouped_bootstrap_95_unbiased": [
        -1.1208466237000166e+295,
        1.0
      ],
      "aggregate_independent_pooled_ratio": 1.0,
      "wins_unbiased": 0,
      "positive_baseline_rows": 50,
      "wins_pooled": 0,
      "n": 72,
      "median_pooled_ratio": 1.0,
      "p90_pooled_ratio": 1.0,
      "worst_pooled_ratio": 1.0
    },
    "full_exact_lower": {
      "aggregate_unbiased_ratio": 1.252034357103731,
      "grouped_bootstrap_95_unbiased": [
        -7.358065912145926e+294,
        7.300098798138043e+294
      ],
      "aggregate_independent_pooled_ratio": 1.063011744344885,
      "wins_unbiased": 24,
      "positive_baseline_rows": 50,
      "wins_pooled": 29,
      "n": 72,
      "median_pooled_ratio": 1.1685419724351163,
      "p90_pooled_ratio": 2.113014898396914,
      "worst_pooled_ratio": 5.6658886384986635
    },
    "exact_rank1": {
      "aggregate_unbiased_ratio": 0.9410961936696217,
      "grouped_bootstrap_95_unbiased": [
        -1.2477334455282553e+295,
        21.191319951577025
      ],
      "aggregate_independent_pooled_ratio": 0.9852733110355157,
      "wins_unbiased": 29,
      "positive_baseline_rows": 50,
      "wins_pooled": 39,
      "n": 72,
      "median_pooled_ratio": 0.982328450715598,
      "p90_pooled_ratio": 1.7138494525820813,
      "worst_pooled_ratio": 4.142875649407093
    },
    "exact_rank2": {
      "aggregate_unbiased_ratio": 1.057814312036112,
      "grouped_bootstrap_95_unbiased": [
        -1.1292639638861932e+295,
        3.5924096480619775e+294
      ],
      "aggregate_independent_pooled_ratio": 1.0144543017521837,
      "wins_unbiased": 24,
      "positive_baseline_rows": 50,
      "wins_pooled": 32,
      "n": 72,
      "median_pooled_ratio": 1.036947684606283,
      "p90_pooled_ratio": 1.8435045223906905,
      "worst_pooled_ratio": 5.202235743721651
    },
    "exact_rank4": {
      "aggregate_unbiased_ratio": 1.1370124030926505,
      "grouped_bootstrap_95_unbiased": [
        -8.240111443489748e+294,
        5.426637633263214e+294
      ],
      "aggregate_independent_pooled_ratio": 1.0342548159503473,
      "wins_unbiased": 24,
      "positive_baseline_rows": 50,
      "wins_pooled": 29,
      "n": 72,
      "median_pooled_ratio": 1.1660650719018668,
      "p90_pooled_ratio": 2.135296443413301,
      "worst_pooled_ratio": 5.542339948754188
    },
    "exact_rank8": {
      "aggregate_unbiased_ratio": 1.2031643006554307,
      "grouped_bootstrap_95_unbiased": [
        -7.202420009214353e+294,
        6.843181119921658e+294
      ],
      "aggregate_independent_pooled_ratio": 1.0507936184574964,
      "wins_unbiased": 25,
      "positive_baseline_rows": 50,
      "wins_pooled": 30,
      "n": 72,
      "median_pooled_ratio": 1.095064145860219,
      "p90_pooled_ratio": 2.101096036465195,
      "worst_pooled_ratio": 5.419976805463364
    },
    "exact_rank12": {
      "aggregate_unbiased_ratio": 1.2503497540280681,
      "grouped_bootstrap_95_unbiased": [
        -6.70852900381354e+294,
        8.716873681784312e+294
      ],
      "aggregate_independent_pooled_ratio": 1.0625905724874203,
      "wins_unbiased": 23,
      "positive_baseline_rows": 50,
      "wins_pooled": 27,
      "n": 72,
      "median_pooled_ratio": 1.0904208118121892,
      "p90_pooled_ratio": 2.0138382285341336,
      "worst_pooled_ratio": 5.489311589772649
    },
    "legal_oracle_coeff": {
      "aggregate_unbiased_ratio": 0.7434223281904151,
      "grouped_bootstrap_95_unbiased": [
        -1.3119091864210901e+295,
        4.060403926672328
      ],
      "aggregate_independent_pooled_ratio": 0.9358523701035836,
      "wins_unbiased": 27,
      "positive_baseline_rows": 50,
      "wins_pooled": 35,
      "n": 72,
      "median_pooled_ratio": 1.012619420919147,
      "p90_pooled_ratio": 1.7485477403999705,
      "worst_pooled_ratio": 3.494644201002707
    },
    "legal_predicted_coeff": {
      "aggregate_unbiased_ratio": 1.044659243017734,
      "grouped_bootstrap_95_unbiased": [
        -1.046285288339351e+295,
        1.5367206290063689
      ],
      "aggregate_independent_pooled_ratio": 1.0111653698170657,
      "wins_unbiased": 18,
      "positive_baseline_rows": 50,
      "wins_pooled": 33,
      "n": 72,
      "median_pooled_ratio": 1.0024202019697321,
      "p90_pooled_ratio": 1.1123090699563754,
      "worst_pooled_ratio": 1.3257003084352337
    },
    "exact_subspace_predicted_coeff": {
      "aggregate_unbiased_ratio": 1.125411788810843,
      "grouped_bootstrap_95_unbiased": [
        -8.320534923159697e+294,
        1.4521785838860675e+292
      ],
      "aggregate_independent_pooled_ratio": 1.031354517158671,
      "wins_unbiased": 20,
      "positive_baseline_rows": 50,
      "wins_pooled": 26,
      "n": 72,
      "median_pooled_ratio": 1.0628435720334992,
      "p90_pooled_ratio": 1.277207834740838,
      "worst_pooled_ratio": 1.4902227591945447
    },
    "direct_anchor_vector_learner": {
      "aggregate_unbiased_ratio": 1.5161261743122065,
      "grouped_bootstrap_95_unbiased": [
        -4.348047359850909e+293,
        7.671415486419932e+294
      ],
      "aggregate_independent_pooled_ratio": 1.1290380046561634,
      "wins_unbiased": 0,
      "positive_baseline_rows": 50,
      "wins_pooled": 0,
      "n": 72,
      "median_pooled_ratio": 1.1816099784591803,
      "p90_pooled_ratio": 1.3572920866551885,
      "worst_pooled_ratio": 2.0717007588607457
    },
    "frozen_template_learned_scalar": {
      "aggregate_unbiased_ratio": 1.5002068391193322,
      "grouped_bootstrap_95_unbiased": [
        -1.5005136427652012e+294,
        7.956223389151584e+294
      ],
      "aggregate_independent_pooled_ratio": 1.1250579715732092,
      "wins_unbiased": 0,
      "positive_baseline_rows": 50,
      "wins_pooled": 0,
      "n": 72,
      "median_pooled_ratio": 1.1558535770592124,
      "p90_pooled_ratio": 1.4175062112288785,
      "worst_pooled_ratio": 1.8918142222549872
    },
    "pooled_rank": {
      "aggregate_unbiased_ratio": 1.0621237846205802,
      "grouped_bootstrap_95_unbiased": [
        -9.032513823087273e+294,
        3.640195804604302
      ],
      "aggregate_independent_pooled_ratio": 1.0155317238460375,
      "wins_unbiased": 23,
      "positive_baseline_rows": 50,
      "wins_pooled": 32,
      "n": 72,
      "median_pooled_ratio": 1.0054896694545894,
      "p90_pooled_ratio": 1.1820131349675527,
      "worst_pooled_ratio": 1.6165222892031708
    },
    "beta_oracle_coeff": {
      "aggregate_unbiased_ratio": 0.7434223281904151,
      "grouped_bootstrap_95_unbiased": [
        -1.4228503546571603e+295,
        2.7008795520583306
      ],
      "aggregate_independent_pooled_ratio": 0.9358523701035836,
      "wins_unbiased": 27,
      "positive_baseline_rows": 50,
      "wins_pooled": 35,
      "n": 72,
      "median_pooled_ratio": 1.012619420919147,
      "p90_pooled_ratio": 1.7485477403999705,
      "worst_pooled_ratio": 3.494644201002707
    },
    "fold_oracle_coeff": {
      "aggregate_unbiased_ratio": 0.9094456865538711,
      "grouped_bootstrap_95_unbiased": [
        -1.2233911818932227e+295,
        11.063453259538152
      ],
      "aggregate_independent_pooled_ratio": 0.9773602880426113,
      "wins_unbiased": 26,
      "positive_baseline_rows": 50,
      "wins_pooled": 34,
      "n": 72,
      "median_pooled_ratio": 1.0284697770025564,
      "p90_pooled_ratio": 1.6087408127465352,
      "worst_pooled_ratio": 3.1222956211562054
    },
    "softgate_oracle_coeff": {
      "aggregate_unbiased_ratio": 0.9706086132681967,
      "grouped_bootstrap_95_unbiased": [
        -9.769032535443193e+294,
        2.0403441945527567
      ],
      "aggregate_independent_pooled_ratio": 0.9926517853836738,
      "wins_unbiased": 29,
      "positive_baseline_rows": 50,
      "wins_pooled": 33,
      "n": 72,
      "median_pooled_ratio": 1.0145951114641372,
      "p90_pooled_ratio": 1.1668252078527144,
      "worst_pooled_ratio": 1.566831591020149
    },
    "weightprod_oracle_coeff": {
      "aggregate_unbiased_ratio": 1.0508735889862368,
      "grouped_bootstrap_95_unbiased": [
        -9.455144193324879e+294,
        1.6498985226139968
      ],
      "aggregate_independent_pooled_ratio": 1.0127190341029109,
      "wins_unbiased": 23,
      "positive_baseline_rows": 50,
      "wins_pooled": 32,
      "n": 72,
      "median_pooled_ratio": 1.0029174136447647,
      "p90_pooled_ratio": 1.0756240035734315,
      "worst_pooled_ratio": 1.1563150035446503
    },
    "union_oracle_coeff": {
      "aggregate_unbiased_ratio": 0.9706086132681951,
      "grouped_bootstrap_95_unbiased": [
        -1.0727153163062562e+295,
        1.9717855713560344
      ],
      "aggregate_independent_pooled_ratio": 0.9926517853836735,
      "wins_unbiased": 29,
      "positive_baseline_rows": 50,
      "wins_pooled": 33,
      "n": 72,
      "median_pooled_ratio": 1.0145951114641376,
      "p90_pooled_ratio": 1.1668252078527144,
      "worst_pooled_ratio": 1.5668315910201476
    },
    "codebook_legal_select_oracle_coeff": {
      "aggregate_unbiased_ratio": 1.0283280585081331,
      "grouped_bootstrap_95_unbiased": [
        -1.0612970118764616e+295,
        1.5208550070564937
      ],
      "aggregate_independent_pooled_ratio": 1.0070823692492321,
      "wins_unbiased": 23,
      "positive_baseline_rows": 50,
      "wins_pooled": 31,
      "n": 72,
      "median_pooled_ratio": 1.0096103777436656,
      "p90_pooled_ratio": 1.0842663900556362,
      "worst_pooled_ratio": 1.4807930501909474
    }
  },
  "noise": {
    "median_target_noise_over_baseline_pmse": 0.6635109328137774,
    "median_anchor_half_correction_relerr": 1.7794534367877874,
    "median_anchor_half_correction_cosine": 0.12694798857024608
  },
  "cross_rotation": {
    "mean_angle_deg": {
      "exact": 41.84969298191655,
      "legal": 1.9963147745721577
    },
    "max_angle_deg": {
      "exact": 62.510506882184096,
      "legal": 2.6652000976363244
    },
    "projector_distance": {
      "exact": 0.8994416039994007,
      "legal": 0.0034126473070638097
    }
  },
  "measured_seconds": 819.3869307041168
}
