{"split": "train", "id": 4300, "rot": 3, "sec": 7.06, "full": 0.1218, "r8": 0.2444}
{"split": "train", "id": 4300, "rot": 11, "sec": 3.04, "full": 0.1586, "r8": 0.3466}
{"split": "train", "id": 4300, "rot": 97, "sec": 2.92, "full": 0.1298, "r8": 0.3278}
network 4300 total 15.3s
{"split": "train", "id": 4301, "rot": 3, "sec": 5.29, "full": 0.0851, "r8": 0.1568}
{"split": "train", "id": 4301, "rot": 11, "sec": 4.08, "full": 0.127, "r8": 0.2638}
{"split": "train", "id": 4301, "rot": 97, "sec": 4.12, "full": 0.0991, "r8": 0.2112}
network 4301 total 15.2s
{"split": "train", "id": 4302, "rot": 3, "sec": 4.21, "full": 0.0878, "r8": 0.2452}
{"split": "train", "id": 4302, "rot": 11, "sec": 3.05, "full": 0.1455, "r8": 0.2605}
{"split": "train", "id": 4302, "rot": 97, "sec": 6.23, "full": 0.2159, "r8": 0.4916}
network 4302 total 15.3s
{"split": "train", "id": 4303, "rot": 3, "sec": 3.89, "full": 0.1591, "r8": 0.2422}
{"split": "train", "id": 4303, "rot": 11, "sec": 3.51, "full": 0.1402, "r8": 0.2256}
{"split": "train", "id": 4303, "rot": 97, "sec": 2.97, "full": 0.1648, "r8": 0.2771}
network 4303 total 13.3s
{"split": "train", "id": 4304, "rot": 3, "sec": 4.32, "full": 0.0786, "r8": 0.2108}
{"split": "train", "id": 4304, "rot": 11, "sec": 3.0, "full": 0.0862, "r8": 0.1958}
{"split": "train", "id": 4304, "rot": 97, "sec": 4.95, "full": 0.1206, "r8": 0.2914}
network 4304 total 14.7s
{"split": "train", "id": 4305, "rot": 3, "sec": 4.18, "full": 0.0292, "r8": 0.0872}
{"split": "train", "id": 4305, "rot": 11, "sec": 2.91, "full": 0.0478, "r8": 0.1047}
{"split": "train", "id": 4305, "rot": 97, "sec": 3.21, "full": 0.0347, "r8": 0.0985}
network 4305 total 11.5s
{"split": "train", "id": 4306, "rot": 3, "sec": 3.58, "full": 0.2058, "r8": 0.4242}
{"split": "train", "id": 4306, "rot": 11, "sec": 2.86, "full": 0.1593, "r8": 0.3044}
{"split": "train", "id": 4306, "rot": 97, "sec": 3.38, "full": 0.1563, "r8": 0.3738}
network 4306 total 10.9s
{"split": "train", "id": 4307, "rot": 3, "sec": 3.13, "full": 0.1455, "r8": 0.3693}
{"split": "train", "id": 4307, "rot": 11, "sec": 2.92, "full": 0.1023, "r8": 0.281}
{"split": "train", "id": 4307, "rot": 97, "sec": 6.32, "full": 0.1183, "r8": 0.2919}
network 4307 total 13.5s
{"split": "train", "id": 4308, "rot": 3, "sec": 3.43, "full": 0.0374, "r8": 0.1019}
{"split": "train", "id": 4308, "rot": 11, "sec": 2.93, "full": 0.042, "r8": 0.114}
{"split": "train", "id": 4308, "rot": 97, "sec": 3.54, "full": 0.0219, "r8": 0.1059}
network 4308 total 12.4s
{"split": "train", "id": 4309, "rot": 3, "sec": 3.63, "full": 0.0867, "r8": 0.2593}
{"split": "train", "id": 4309, "rot": 11, "sec": 2.95, "full": 0.1115, "r8": 0.2853}
{"split": "train", "id": 4309, "rot": 97, "sec": 3.22, "full": 0.0861, "r8": 0.2835}
network 4309 total 11.6s
{"split": "train", "id": 4310, "rot": 3, "sec": 3.21, "full": 0.0597, "r8": 0.1769}
{"split": "train", "id": 4310, "rot": 11, "sec": 3.14, "full": 0.0853, "r8": 0.1854}
{"split": "train", "id": 4310, "rot": 97, "sec": 3.69, "full": 0.0818, "r8": 0.2328}
network 4310 total 12.2s
{"split": "train", "id": 4311, "rot": 3, "sec": 3.12, "full": 0.0454, "r8": 0.153}
{"split": "train", "id": 4311, "rot": 11, "sec": 3.21, "full": 0.0736, "r8": 0.2496}
{"split": "train", "id": 4311, "rot": 97, "sec": 3.19, "full": 0.0522, "r8": 0.311}
network 4311 total 10.9s
{"split": "train", "id": 4312, "rot": 3, "sec": 3.78, "full": 0.1068, "r8": 0.3765}
{"split": "train", "id": 4312, "rot": 11, "sec": 3.16, "full": 0.1272, "r8": 0.378}
{"split": "train", "id": 4312, "rot": 97, "sec": 2.9, "full": 0.0941, "r8": 0.301}
network 4312 total 11.9s
{"split": "train", "id": 4313, "rot": 3, "sec": 3.41, "full": 0.0447, "r8": 0.0781}
{"split": "train", "id": 4313, "rot": 11, "sec": 3.34, "full": 0.0317, "r8": 0.0672}
{"split": "train", "id": 4313, "rot": 97, "sec": 3.21, "full": 0.0279, "r8": 0.0549}
network 4313 total 11.2s
{"split": "train", "id": 4314, "rot": 3, "sec": 3.66, "full": 0.041, "r8": 0.0885}
{"split": "train", "id": 4314, "rot": 11, "sec": 2.94, "full": 0.0303, "r8": 0.1018}
{"split": "train", "id": 4314, "rot": 97, "sec": 3.2, "full": 0.0383, "r8": 0.0923}
network 4314 total 11.5s
{"split": "train", "id": 4315, "rot": 3, "sec": 3.49, "full": 0.1284, "r8": 0.4319}
{"split": "train", "id": 4315, "rot": 11, "sec": 2.77, "full": 0.1555, "r8": 0.3253}
{"split": "train", "id": 4315, "rot": 97, "sec": 3.16, "full": 0.1337, "r8": 0.4613}
network 4315 total 10.4s
{"split": "validation", "id": 4400, "rot": 3, "sec": 3.46, "full": 0.061, "r8": 0.1717}
{"split": "validation", "id": 4400, "rot": 11, "sec": 4.3, "full": 0.06, "r8": 0.1588}
{"split": "validation", "id": 4400, "rot": 97, "sec": 2.91, "full": 0.0864, "r8": 0.2142}
network 4400 total 12.4s
{"split": "validation", "id": 4401, "rot": 3, "sec": 3.15, "full": 0.0378, "r8": 0.2342}
{"split": "validation", "id": 4401, "rot": 11, "sec": 2.9, "full": 0.0459, "r8": 0.1957}
{"split": "validation", "id": 4401, "rot": 97, "sec": 2.95, "full": 0.045, "r8": 0.1843}
network 4401 total 10.3s
{"split": "validation", "id": 4402, "rot": 3, "sec": 3.78, "full": 0.0405, "r8": 0.099}
{"split": "validation", "id": 4402, "rot": 11, "sec": 3.11, "full": 0.0553, "r8": 0.1204}
{"split": "validation", "id": 4402, "rot": 97, "sec": 3.01, "full": 0.0381, "r8": 0.0693}
network 4402 total 11.4s
{"split": "validation", "id": 4403, "rot": 3, "sec": 3.6, "full": 0.2004, "r8": 0.3707}
{"split": "validation", "id": 4403, "rot": 11, "sec": 3.61, "full": 0.181, "r8": 0.3328}
{"split": "validation", "id": 4403, "rot": 97, "sec": 2.91, "full": 0.115, "r8": 0.2544}
network 4403 total 11.8s
{"split": "validation", "id": 4404, "rot": 3, "sec": 3.92, "full": 0.1551, "r8": 0.3294}
{"split": "validation", "id": 4404, "rot": 11, "sec": 3.04, "full": 0.1087, "r8": 0.2102}
{"split": "validation", "id": 4404, "rot": 97, "sec": 3.13, "full": 0.1433, "r8": 0.321}
network 4404 total 11.9s
{"split": "validation", "id": 4405, "rot": 3, "sec": 3.09, "full": 0.237, "r8": 0.4866}
{"split": "validation", "id": 4405, "rot": 11, "sec": 2.92, "full": 0.221, "r8": 0.4708}
{"split": "validation", "id": 4405, "rot": 97, "sec": 3.3, "full": 0.2194, "r8": 0.4695}
network 4405 total 10.7s
{"split": "validation", "id": 4406, "rot": 3, "sec": 4.33, "full": 0.072, "r8": 0.1631}
{"split": "validation", "id": 4406, "rot": 11, "sec": 3.09, "full": 0.0677, "r8": 0.1471}
{"split": "validation", "id": 4406, "rot": 97, "sec": 3.17, "full": 0.0717, "r8": 0.1712}
network 4406 total 12.3s
{"split": "validation", "id": 4407, "rot": 3, "sec": 3.16, "full": 0.1342, "r8": 0.2396}
{"split": "validation", "id": 4407, "rot": 11, "sec": 2.97, "full": 0.1614, "r8": 0.2399}
{"split": "validation", "id": 4407, "rot": 97, "sec": 3.52, "full": 0.1144, "r8": 0.1795}
network 4407 total 12.3s
{"split": "validation", "id": 4408, "rot": 3, "sec": 3.38, "full": 0.0957, "r8": 0.1667}
{"split": "validation", "id": 4408, "rot": 11, "sec": 3.0, "full": 0.1171, "r8": 0.1961}
{"split": "validation", "id": 4408, "rot": 97, "sec": 2.81, "full": 0.1316, "r8": 0.2261}
network 4408 total 10.9s
{"split": "validation", "id": 4409, "rot": 3, "sec": 4.06, "full": 0.0563, "r8": 0.1454}
{"split": "validation", "id": 4409, "rot": 11, "sec": 3.65, "full": 0.0657, "r8": 0.2036}
{"split": "validation", "id": 4409, "rot": 97, "sec": 3.03, "full": 0.0451, "r8": 0.124}
network 4409 total 14.5s
{"split": "validation", "id": 4410, "rot": 3, "sec": 6.74, "full": 0.0894, "r8": 0.2558}
{"split": "validation", "id": 4410, "rot": 11, "sec": 4.19, "full": 0.0706, "r8": 0.1979}
{"split": "validation", "id": 4410, "rot": 97, "sec": 4.3, "full": 0.0641, "r8": 0.2522}
network 4410 total 18.1s
{"split": "validation", "id": 4411, "rot": 3, "sec": 12.04, "full": 0.0548, "r8": 0.1359}
{"split": "validation", "id": 4411, "rot": 11, "sec": 3.93, "full": 0.0603, "r8": 0.157}
{"split": "validation", "id": 4411, "rot": 97, "sec": 3.07, "full": 0.0644, "r8": 0.1913}
network 4411 total 21.3s
{"split": "validation", "id": 4412, "rot": 3, "sec": 4.31, "full": 0.036, "r8": 0.1065}
{"split": "validation", "id": 4412, "rot": 11, "sec": 2.99, "full": 0.0432, "r8": 0.1464}
{"split": "validation", "id": 4412, "rot": 97, "sec": 3.49, "full": 0.044, "r8": 0.1007}
network 4412 total 13.8s
{"split": "validation", "id": 4413, "rot": 3, "sec": 3.55, "full": 0.0666, "r8": 0.2103}
{"split": "validation", "id": 4413, "rot": 11, "sec": 3.24, "full": 0.0671, "r8": 0.2297}
{"split": "validation", "id": 4413, "rot": 97, "sec": 3.87, "full": 0.1583, "r8": 0.3912}
network 4413 total 13.7s
{"split": "validation", "id": 4414, "rot": 3, "sec": 3.55, "full": 0.1025, "r8": 0.2085}
{"split": "validation", "id": 4414, "rot": 11, "sec": 3.32, "full": 0.0893, "r8": 0.1838}
{"split": "validation", "id": 4414, "rot": 97, "sec": 2.99, "full": 0.1004, "r8": 0.1415}
network 4414 total 11.1s
{"split": "validation", "id": 4415, "rot": 3, "sec": 3.04, "full": 0.0535, "r8": 0.1577}
{"split": "validation", "id": 4415, "rot": 11, "sec": 2.91, "full": 0.048, "r8": 0.1798}
{"split": "validation", "id": 4415, "rot": 97, "sec": 3.33, "full": 0.0549, "r8": 0.2079}
network 4415 total 11.6s
{"split": "validation", "id": 4416, "rot": 3, "sec": 3.92, "full": 0.0806, "r8": 0.2102}
{"split": "validation", "id": 4416, "rot": 11, "sec": 3.16, "full": 0.078, "r8": 0.2034}
{"split": "validation", "id": 4416, "rot": 97, "sec": 10.1, "full": 0.1074, "r8": 0.218}
network 4416 total 18.8s
{"split": "validation", "id": 4417, "rot": 3, "sec": 3.47, "full": 0.1795, "r8": 0.5101}
{"split": "validation", "id": 4417, "rot": 11, "sec": 3.08, "full": 0.1442, "r8": 0.4237}
{"split": "validation", "id": 4417, "rot": 97, "sec": 3.44, "full": 0.1496, "r8": 0.3305}
network 4417 total 11.8s
{"split": "validation", "id": 4418, "rot": 3, "sec": 3.7, "full": 0.0973, "r8": 0.2317}
{"split": "validation", "id": 4418, "rot": 11, "sec": 2.99, "full": 0.1257, "r8": 0.225}
{"split": "validation", "id": 4418, "rot": 97, "sec": 2.96, "full": 0.1096, "r8": 0.2606}
network 4418 total 11.7s
{"split": "validation", "id": 4419, "rot": 3, "sec": 3.09, "full": 0.0946, "r8": 0.2579}
{"split": "validation", "id": 4419, "rot": 11, "sec": 3.12, "full": 0.0473, "r8": 0.1465}
{"split": "validation", "id": 4419, "rot": 97, "sec": 7.38, "full": 0.0552, "r8": 0.203}
network 4419 total 15.3s
{"split": "validation", "id": 4420, "rot": 3, "sec": 3.45, "full": 0.0888, "r8": 0.2583}
{"split": "validation", "id": 4420, "rot": 11, "sec": 2.86, "full": 0.1726, "r8": 0.4523}
{"split": "validation", "id": 4420, "rot": 97, "sec": 3.42, "full": 0.1935, "r8": 0.4245}
network 4420 total 11.3s
{"split": "validation", "id": 4421, "rot": 3, "sec": 3.57, "full": 0.1074, "r8": 0.2191}
{"split": "validation", "id": 4421, "rot": 11, "sec": 3.39, "full": 0.0767, "r8": 0.1387}
{"split": "validation", "id": 4421, "rot": 97, "sec": 2.95, "full": 0.1364, "r8": 0.2962}
network 4421 total 11.7s
{"split": "validation", "id": 4422, "rot": 3, "sec": 4.2, "full": 0.1172, "r8": 0.2067}
{"split": "validation", "id": 4422, "rot": 11, "sec": 4.73, "full": 0.1155, "r8": 0.2762}
{"split": "validation", "id": 4422, "rot": 97, "sec": 3.19, "full": 0.0857, "r8": 0.1777}
network 4422 total 14.2s
{"split": "validation", "id": 4423, "rot": 3, "sec": 3.7, "full": 0.0835, "r8": 0.1696}
{"split": "validation", "id": 4423, "rot": 11, "sec": 3.12, "full": 0.0835, "r8": 0.163}
{"split": "validation", "id": 4423, "rot": 97, "sec": 3.07, "full": 0.1025, "r8": 0.2228}
network 4423 total 11.7s
FINAL {
  "frozen_rank": 2,
  "frozen_mechanism": "V_beta",
  "exact_rank_metric": {
    "aggregate_ratio": 0.4301474646453775,
    "grouped_bootstrap_95": [
      0.35936473020128945,
      0.5107379382126885
    ],
    "wins": 72,
    "n": 72,
    "win_rate": 1.0,
    "median_ratio": 0.44783918633090636,
    "p90_ratio": 0.734774680079589,
    "worst_ratio": 0.8945912104174214,
    "mean_correction_cosine": 0.7704592596837485,
    "median_correction_cosine": 0.8083479415771104
  },
  "legal_oracle_metric": {
    "aggregate_ratio": 0.6582395624316245,
    "grouped_bootstrap_95": [
      0.5623109114112677,
      0.7507315797350514
    ],
    "wins": 70,
    "n": 72,
    "win_rate": 0.9722222222222222,
    "median_ratio": 0.7030209327878529,
    "p90_ratio": 0.9437676256331639,
    "worst_ratio": 1.027826458866529,
    "mean_correction_cosine": 0.5833172867545227,
    "median_correction_cosine": 0.6016884293000165
  },
  "legal_pred_metric": {
    "aggregate_ratio": 0.9993105823810793,
    "grouped_bootstrap_95": [
      0.9865811564407683,
      1.0147674846772865
    ],
    "wins": 36,
    "n": 72,
    "win_rate": 0.5,
    "median_ratio": 1.000682931594367,
    "p90_ratio": 1.0434133938337198,
    "worst_ratio": 1.1365593864522119,
    "mean_correction_cosine": 0.026923617736145614,
    "median_correction_cosine": -0.038494891655410826
  },
  "direct_vector_metric": {
    "aggregate_ratio": 1.0541219688435808,
    "grouped_bootstrap_95": [
      1.0348955620422402,
      1.0775553827376412
    ],
    "wins": 4,
    "n": 72,
    "win_rate": 0.05555555555555555,
    "median_ratio": 1.0669773142675925,
    "p90_ratio": 1.18064281997242,
    "worst_ratio": 1.2162738103790602,
    "mean_correction_cosine": -0.013770124545857536,
    "median_correction_cosine": -0.019102358853538122
  },
  "full_metric": {
    "aggregate_ratio": 0.08465701546560583,
    "grouped_bootstrap_95": [
      0.06750641568460346,
      0.1085938541360526
    ],
    "wins": 72,
    "n": 72,
    "win_rate": 1.0,
    "median_ratio": 0.08755763416862308,
    "p90_ratio": 0.17145719349916633,
    "worst_ratio": 0.23695227792718077,
    "mean_correction_cosine": 1.0,
    "median_correction_cosine": 1.0
  }
}
