{
  "status": "CLOSE nested convergence as a standalone free safety certificate",
  "validation_c17": 1.3663545793761873,
  "validation_detection": {
    "rule_A": {
      "catch": 0.6363636363636364,
      "false_suppression": 0.5,
      "flagged": 9,
      "severe": 11,
      "nonsevere": 4
    },
    "rule_B": {
      "catch": 0.45454545454545453,
      "false_suppression": 0.25,
      "flagged": 6,
      "severe": 11,
      "nonsevere": 4
    },
    "rule_C": {
      "catch": 0.36363636363636365,
      "false_suppression": 0.5,
      "flagged": 6,
      "severe": 11,
      "nonsevere": 4
    },
    "rule_D_paired": {
      "catch": 0.0,
      "false_suppression": 0.5,
      "flagged": 2,
      "severe": 11,
      "nonsevere": 4
    }
  },
  "report": "/mnt/data/paths/01_legal_signed_anchor/nested_partial_mub_uncertainty_20260729/REPORT.md"
}
