1 0.31830988618379067154 0.5
2 0.4937310902003715485 0.30155762421360043263
3 0.6048257201129445467 0.20034502081802395795
4 0.68095353335573634791 0.14159529248021455136
5 0.73594635062763665165 0.10455884154154759033
6 0.77722869919143623657 0.079805838200205775213
7 0.80914805147949770878 0.062517913298396327839
8 0.834416302592547458 0.05001876839189504782
9 0.85480923754890577555 0.040725033483001207747
10 0.87153551602151762085 0.033652150976631781878
11 0.88544426657838884186 0.028162656863738103396
12 0.89714805176775223324 0.023829713597542126705
13 0.90709885081506969772 0.020359271574741747322
14 0.91563670608808426384 0.017543749832424409778
15 0.92302182442434526472 0.01523346314024722881
16 0.92945632157872648028 0.013318441509192001284
17 0.93509929174048881606 0.011716545495950357961
18 0.9400774639475490218 0.010365510123433044011
19 0.94449287428209956575 0.0092175050886289099836
20 0.94842847915598504358 0.0082353444798156228832
21 0.95195232226631788521 0.0073898004990695467674
22 0.95512066888601700774 0.0066576700537244094542
23 0.95798039187740898794 0.0060203635505938493282
24 0.9605708081481807727 0.0054628615440426630098
25 0.9629251064845424941 0.0049729342042823632979
26 0.96507146808517899412 0.0045405510213453581649
27 0.96703395356029304779 0.0041574298686758873286
28 0.96883321072214429866 0.003816689296761074954
29 0.97048704360948321673 0.0035125780867422664227
30 0.97201087315447018436 0.0032402631853826128379
31 0.97341811256993806865 0.0029956621531610712464
32 0.97472047512431334706 0.0027753098376350225243
fail count 0
min interval containment margin index 0 1.37392585075710553936080061281e-89
selected
0 0.97472047512431334705825674491984347001362436956069248241321185896344344206072453 relpos 0.49999999999899159018
1 0.0027753098376350225242536424056988559552796321446845970530513925766350002674641912 relpos 0.49999999999998226503
2 0.0024179539657272738795500136710258485981777639383398924932900261225186557003307411 relpos 0.49999999999999349933
3 0.0018096264369495213659677756046285520155235417850089774763122203244102981339484862 relpos 0.49999999999999721661
4 0.0015045463684943869929803281766347709326197541164978078816729050508623182099474536 relpos 0.4999999999999983816
5 0.0012312140570118948978325442583265566643172646757914035171625945187322234140642801 relpos 0.49999999999999913834
31 0.00014582355485564070598790569448493921164427702616293749628114025450408163650131204 relpos 0.49999999999999999956
32 0.00013912312647002771461630685886194663453100443597761998412416568893387628124062185 relpos 0.49999999999999999962
100 0.000019312177551523608239610926693832291779130605446274949476151746579626500738289237 relpos 0.5
200 0.0000046855834181862833312348606988672395561761753492506536581643453698207242113405041 relpos 0.5
319 0.0000016799376663118266460376237467389386067049332044942927671029183001949151326890851 relpos 0.5
320 0.0000016685789476463931854312920606706234924696137698245180744585961623953988763554336 relpos 0.5
