roots
-0.992278934876216938053436475599974176185254087346530844867813
-0.0622248553123543726988856384595431874484467581522509604958167
0.0622858913558864858495983786509570523496541528917779143130456
monomial
0.974720468261334545740129294232603157199601579492695952804574
0.00277529382770422666405723137443459677954593649174606009532376
0.0024214789494278772880663172929881125718372537547497837497256
0.00181781805306620091633868265729591920150742591030996700394139
0.00105605168066466691109259141223570238376269063962354989589557
0.000186994959431501780176767432629889509677206446858723412195834
gegenbauer
0.9747299751309444413666593085802870785923869068234348747228323827800535
0.002796473061541184166165860235260182130169385363343326868046738754497542
0.00243629527371522242447068060976310829567257873525442749320203262172687
0.001803734855197100608912334240001576722030711898741029650192665061694266
0.001031728486767426148158213747776785267142038328379984234160947579169374
0.0001798989234636445854944869890986466385304715868303939932215788517516605
Phi energy 0.9747302328510005879718661299695130629162476454969339059722727646788899756467718
mean 0.9747299895417147123122581208461306095503408505340424593639039562133752503462281 risk LB 0.00000024330928587565960800912338245336590679496289144660836880846551472530054370575296
grid min 0.0623 1.62591766738502399396045768608e-15
end residuals 0.00000022051871290807434455869043041150906917944744889229 0.017021894268370980700139115597812622354067907264016
contact -0.9922789348762169380534364756 7.1436711955142186388e-102 6.1042112266356848721e-105
contact -0.0622248553123543726988856384595 0.0 0.0
contact 0.062285891355886485849598378651 -7.1436711955142186388e-102 0.0
