{
  "thresholds": {
    "0.50": {
      "maximum_kernel_harmonic_degree": 22,
      "component_count": 16,
      "mse_lower_bound": "1.294677231658039582434081E-7",
      "fraction_of_infinite_width_kerdock_upper": "0.5319876406110875814609066982230663411446142229124651880390530304815521018614900827661383137357364197"
    },
    "0.60": {
      "maximum_kernel_harmonic_degree": 28,
      "component_count": 22,
      "mse_lower_bound": "1.4834744200111462982502147E-7",
      "fraction_of_infinite_width_kerdock_upper": "0.6095651003284797276998370553564563322995822924617467554448546828644056505361115784181663424488551863"
    },
    "0.70": {
      "maximum_kernel_harmonic_degree": 40,
      "component_count": 34,
      "mse_lower_bound": "1.7249457198112410828141585E-7",
      "fraction_of_infinite_width_kerdock_upper": "0.7087865463497648350882670420053444074689531357139634064345748746260188334196644093751500048463160698"
    },
    "0.80": {
      "maximum_kernel_harmonic_degree": 62,
      "component_count": 56,
      "mse_lower_bound": "1.95639958624361704368031116E-7",
      "fraction_of_infinite_width_kerdock_upper": "0.8038917921228639947011485439146297988380687303327494071585170976331444860210691862059383110028028704"
    },
    "0.85": {
      "maximum_kernel_harmonic_degree": 84,
      "component_count": 73,
      "mse_lower_bound": "2.07925118013758662989397926E-7",
      "fraction_of_infinite_width_kerdock_upper": "0.8543719643100787572395915205132128331793352018293249082971628480387786464394690233726355939053161134"
    },
    "0.90": {
      "maximum_kernel_harmonic_degree": 128,
      "component_count": 96,
      "mse_lower_bound": "2.1936989631866450532273589707E-7",
      "fraction_of_infinite_width_kerdock_upper": "0.9013989796839921154474692164529232748030352800139329486315638436869064895134615757539963427181410351"
    },
    "0.92": {
      "maximum_kernel_harmonic_degree": 164,
      "component_count": 111,
      "mse_lower_bound": "2.2416521878335622656975463107E-7",
      "fraction_of_infinite_width_kerdock_upper": "0.9211031362226350865071999539153734843962980762528416231280417251714860287636809533094385940508028692"
    },
    "0.93": {
      "maximum_kernel_harmonic_degree": 194,
      "component_count": 120,
      "mse_lower_bound": "2.2639601595884236915920575607E-7",
      "fraction_of_infinite_width_kerdock_upper": "0.9302695639395180141628594732874149902784047099423925785191319429084328221273908547247186808407009804"
    },
    "0.935": {
      "maximum_kernel_harmonic_degree": 214,
      "component_count": 127,
      "mse_lower_bound": "2.2757538152223559700423515107E-7",
      "fraction_of_infinite_width_kerdock_upper": "0.9351156204557358360426151352696105596536985659764698860496666228333992317243170743641716323186212868"
    },
    "0.937": {
      "maximum_kernel_harmonic_degree": 242,
      "component_count": 136,
      "mse_lower_bound": "2.2803440541757780918346860527E-7",
      "fraction_of_infinite_width_kerdock_upper": "0.9370017665398411675705136448759623147982613940777830870700250786977231277292257570780917472750096297"
    }
  },
  "key_conclusion": "A 90% infinite-width signed floor already has a valid subcertificate using kernel coefficients only through degree 128; 93% requires degree 194. Full 93.7046% uses degree 280."
}
