{
  "development": {
    "n": 12,
    "predicted_mean": [
      0.1325676604459958,
      0.43390750013081125,
      0.3433410280065188,
      0.2738898259969684,
      0.25699374858965857
    ],
    "predicted_std": [
      0.3976725182704855,
      0.0283399306800752,
      0.02444234359317021,
      0.0384062429720488,
      0.06353765227782554
    ],
    "residual_coefficient_mean": [
      0.6916507123386753,
      0.11944128467668719,
      0.1707974278038993,
      0.03338054160527393,
      0.0313268209400995
    ],
    "residual_coefficient_rms": [
      0.7895223368281318,
      0.12248445962756367,
      0.17239316640959867,
      0.049662663025863474,
      0.0684250212211106
    ],
    "mean_residual_norm": 0.7555760946040927,
    "median_residual_norm": 0.770803741846882,
    "sign_match_fraction_by_source": [
      0.3333333333333333,
      1.0,
      1.0,
      1.0,
      1.0
    ],
    "feature_minus_global_case_ratio_mean": 0.02294792577872556,
    "feature_minus_global_case_ratio_median": -0.001480988784526377,
    "feature_better_cases": 6,
    "feature_worse_cases": 6,
    "corr_residual_norm_with_excess_ratio": -0.5240041200725529,
    "first_source_predicted_negative_fraction": 0.3333333333333333,
    "first_source_global_sign": -1.0,
    "rows": [
      {
        "predicted": [
          0.49048973027266396,
          0.4454441806687497,
          0.34666236440195164,
          0.22760539798537216,
          0.2255967924960181
        ],
        "residual_from_global": [
          1.0495727821653433,
          0.13097796521462557,
          0.17411876419933225,
          -0.012903886406322285,
          -7.013515354095667e-05
        ],
        "residual_norm": 1.0720271039874376,
        "feature_minus_global_ratio": -0.14210676309511983
      },
      {
        "predicted": [
          0.01887631674081669,
          0.431909579947221,
          0.3318330662045668,
          0.28259682078730536,
          0.21463916441399505
        ],
        "residual_from_global": [
          0.5779593686334961,
          0.11744336449309689,
          0.15928946600194743,
          0.042087536395610914,
          -0.011027763235564009
        ],
        "residual_norm": 0.6124508812269804,
        "feature_minus_global_ratio": 0.1493394548104855
      },
      {
        "predicted": [
          0.2932203458468471,
          0.4596991488648917,
          0.3388764406761179,
          0.25381213526081237,
          0.24134819946994135
        ],
        "residual_from_global": [
          0.8523033977395265,
          0.1452329334107676,
          0.1663328404734985,
          0.013302850869117921,
          0.015681271820382287
        ],
        "residual_norm": 0.8806833532505147,
        "feature_minus_global_ratio": -0.22777684331150522
      },
      {
        "predicted": [
          -0.48075177161620186,
          0.4346800557123408,
          0.3605363559830312,
          0.35503410815416736,
          0.3213142306160217
        ],
        "residual_from_global": [
          0.07833128027647751,
          0.12021384025821669,
          0.1879927557804118,
          0.11452482376247292,
          0.09564730296646265
        ],
        "residual_norm": 0.279629710345445,
        "feature_minus_global_ratio": -0.04337750100706428
      },
      {
        "predicted": [
          -0.579684846657486,
          0.3745718555177752,
          0.3399384620975602,
          0.34251649863835326,
          0.2975738897096419
        ],
        "residual_from_global": [
          -0.020601794764806614,
          0.0601056400636511,
          0.1673948618949408,
          0.10200721424665882,
          0.07190696206008282
        ],
        "residual_norm": 0.21825270824182832,
        "feature_minus_global_ratio": 0.2597714197776456
      },
      {
        "predicted": [
          -0.0922474339743907,
          0.4123524024001021,
          0.3683350642025968,
          0.2782625374107754,
          0.3541939706864745
        ],
        "residual_from_global": [
          0.46683561791828865,
          0.097886186945978,
          0.19579146399997743,
          0.037753253019080946,
          0.12852704303691545
        ],
        "residual_norm": 0.5327250754681665,
        "feature_minus_global_ratio": -0.15463660044455413
      },
      {
        "predicted": [
          -0.13613241986629318,
          0.4410589391010524,
          0.28316865864759894,
          0.2598913646624605,
          0.23079338597420423
        ],
        "residual_from_global": [
          0.42295063202638616,
          0.1265927236469283,
          0.11062505844497955,
          0.019382080270766044,
          0.005126458324645172
        ],
        "residual_norm": 0.4555796351664536,
        "feature_minus_global_ratio": 0.543949367650397
      },
      {
        "predicted": [
          0.4383265070133088,
          0.47221722520087006,
          0.3289480545772711,
          0.2758875919650215,
          0.15482572037806225
        ],
        "residual_from_global": [
          0.9974095589059881,
          0.15775100974674594,
          0.15640445437465172,
          0.03537830757332705,
          -0.07084120727149681
        ],
        "residual_norm": 1.0249115395563775,
        "feature_minus_global_ratio": 0.040415523438011525
      },
      {
        "predicted": [
          0.5662907246416641,
          0.4226239359865492,
          0.3629625062927219,
          0.26429999464351406,
          0.15768820098183214
        ],
        "residual_from_global": [
          1.1253737765343435,
          0.10815772053242506,
          0.19041890609010254,
          0.023790710251819613,
          -0.06797872666772692
        ],
        "residual_norm": 1.1487430932946423,
        "feature_minus_global_ratio": -0.2333955959965176
      },
      {
        "predicted": [
          0.5225593673072711,
          0.44363307677265085,
          0.32730255506461015,
          0.2524693662660431,
          0.27854252917489775
        ],
        "residual_from_global": [
          1.0816424191999505,
          0.12916686131852673,
          0.15475895486199076,
          0.01196008187434866,
          0.052875601525338684
        ],
        "residual_norm": 1.10160047566288,
        "feature_minus_global_ratio": 0.09207668611044051
      },
      {
        "predicted": [
          0.06011265661608006,
          0.40039866142104363,
          0.3663264703820559,
          0.2545824687318828,
          0.3166786862535449
        ],
        "residual_from_global": [
          0.6191957085087594,
          0.08593244596691951,
          0.19378287017943652,
          0.014073184340188338,
          0.09101175860398583
        ],
        "residual_norm": 0.6609241304432495,
        "feature_minus_global_ratio": 0.11614621185698071
      },
      {
        "predicted": [
          0.48975274902766974,
          0.4683009399764889,
          0.36520233754814213,
          0.23971962745791264,
          0.2907302129212689
        ],
        "residual_from_global": [
          1.0488358009203491,
          0.1538347245223648,
          0.19265873734552275,
          -0.0007896569337818016,
          0.06506328527170982
        ],
        "residual_norm": 1.0793854286051365,
        "feature_minus_global_ratio": -0.125030250444493
      }
    ]
  },
  "validation": {
    "n": 12,
    "predicted_mean": [
      0.048101327970609425,
      0.4292176092868865,
      0.35392609697105826,
      0.2847330274708582,
      0.3068654438249145
    ],
    "predicted_std": [
      0.22023191760519234,
      0.014141551540081568,
      0.01768183029862189,
      0.01860340784212868,
      0.0622566055821895
    ],
    "residual_coefficient_mean": [
      0.6071843798632889,
      0.11475139383276244,
      0.18138249676843884,
      0.04422374307916371,
      0.0811985161753554
    ],
    "residual_coefficient_rms": [
      0.6427543288232462,
      0.11554739536885196,
      0.182170808116365
