{
  "verified": true,
  "component_count": 146,
  "maximum_degree_checked": 320,
  "signed_rule_mse_lower_bound": "2.280451598531402134943226465653310000000000000000000000000000E-7",
  "fraction_of_kerdock_upper": "9.370459569114724080886014445715651208222284856829777413772570E-1",
  "kerdock_multiplicative_excess_upper": "6.718351712014823505415700405458958523287140777124476076639577E-2",
  "minimum_slack_over_all_checked_degrees": "1.872222532393698030881080342697107136303015779840256147766718E-47",
  "minimum_slack_over_all_checked_degree": 320,
  "maximum_comparison_harmonic_degree": 280,
  "minimum_slack_on_comparison_support": "1.636669555361161226760161854244074172754203177668048508065620E-23",
  "minimum_slack_on_comparison_support_degree": 280,
  "all_omitted_degrees_safe": true,
  "reason_omitted_degrees_safe": "Every comparison component has degree at most 280; K_32 has nonnegative Gegenbauer coefficients in all higher degrees."
}
{
  "verified": true,
  "component_count": 146,
  "minimum_diagonal_room_below_one": "0.98288344139342013464058522283349339973825580963826199096762841855180213616731774",
  "schur_horn_condition": "Each desired diagonal lies in [0,1] and sums to integer N, hence is majorized by (1,...,1,0,...,0) with N ones.",
  "conclusion": "A rank-N orthogonal projection with these block-diagonal traces exists. Scaling it by T/N attains equality in the abstract block-trace/rank relaxation."
}
