{
  "rotation3_k32": {
    "gaussian_gap_sens": {
      "candidate_over_baseline": 0.9363742700626945,
      "gap_capture": 0.06508264798539816,
      "raw_gain": 1.0679490370159845,
      "baseline_sum": 2.772390478721775e-06,
      "candidate_sum": 2.595995110841866e-06,
      "full_oracle_sum": 6.206179142735877e-08
    },
    "radial_h3_row_sens": {
      "candidate_over_baseline": 0.5005873497253662,
      "gap_capture": 0.5108483273874599,
      "raw_gain": 1.9976533576979585,
      "baseline_sum": 2.772390478721775e-06,
      "candidate_sum": 1.3878236021471725e-06,
      "full_oracle_sum": 6.206179142735877e-08
    },
    "block_h3_output_coupling": {
      "candidate_over_baseline": 0.8633800696601385,
      "gap_capture": 0.13974828804102166,
      "raw_gain": 1.1582384573617048,
      "baseline_sum": 2.772390478721775e-06,
      "candidate_sum": 2.3936266846439107e-06,
      "full_oracle_sum": 6.206179142735877e-08
    },
    "basis_pca12_sens": {
      "candidate_over_baseline": 0.4798208286163658,
      "gap_capture": 0.5320903655463961,
      "raw_gain": 2.0841112772941677,
      "baseline_sum": 2.772390478721775e-06,
      "candidate_sum": 1.3302506967484051e-06,
      "full_oracle_sum": 6.206179142735877e-08
    },
    "oracle_best_family_per_record": {
      "candidate_over_baseline": 0.4771419588438803,
      "gap_capture": 0.5348305767561252,
      "raw_gain": 2.095812328940867,
      "baseline_sum": 2.772390478721775e-06,
      "candidate_sum": 1.3228238236974306e-06,
      "full_oracle_sum": 6.206179142735877e-08
    }
  },
  "rotation19_k32": {
    "gaussian_gap_sens": {
      "candidate_over_baseline": 0.9025756952188306,
      "gap_capture": 0.1013632809035714,
      "raw_gain": 1.1079403149201228,
      "baseline_sum": 1.7395640564259003e-06,
      "candidate_sum": 1.570088237606296e-06,
      "full_oracle_sum": 6.759944252563103e-08
    },
    "radial_h3_row_sens": {
      "candidate_over_baseline": 0.6491727327258364,
      "gap_capture": 0.36501161513257985,
      "raw_gain": 1.5404220627090444,
      "baseline_sum": 1.7395640564259003e-06,
      "candidate_sum": 1.1292775522616428e-06,
      "full_oracle_sum": 6.759944252563103e-08
    },
    "block_h3_output_coupling": {
      "candidate_over_baseline": 0.8426682150832738,
      "gap_capture": 0.16369288901158086,
      "raw_gain": 1.1867066801625814,
      "baseline_sum": 1.7395640564259003e-06,
      "candidate_sum": 1.465875338451433e-06,
      "full_oracle_sum": 6.759944252563103e-08
    },
    "basis_pca12_sens": {
      "candidate_over_baseline": 0.6261551357276791,
      "gap_capture": 0.3889598399158105,
      "raw_gain": 1.597048307905135,
      "baseline_sum": 1.7395640564259003e-06,
      "candidate_sum": 1.0892369678583517e-06,
      "full_oracle_sum": 6.759944252563103e-08
    },
    "oracle_best_family_per_record": {
      "candidate_over_baseline": 0.6104222305777601,
      "gap_capture": 0.40532884442369504,
      "raw_gain": 1.6382103237844194,
      "baseline_sum": 1.7395640564259003e-06,
      "candidate_sum": 1.0618685715563947e-06,
      "full_oracle_sum": 6.759944252563103e-08
    }
  },
  "pooled_k32": {
    "gaussian_gap_sens": {
      "candidate_over_baseline": 0.9233433794588995,
      "gap_capture": 0.07892470059117734,
      "raw_gain": 1.0830207074057574,
      "baseline_sum": 4.511954535147675e-06,
      "candidate_sum": 4.1660833484481626e-06,
      "full_oracle_sum": 1.296612339529898e-07
    },
    "radial_h3_row_sens": {
      "candidate_over_baseline": 0.5578737850306,
      "gap_capture": 0.45520763756160054,
      "raw_gain": 1.7925201485227502,
      "baseline_sum": 4.511954535147675e-06,
      "candidate_sum": 2.517101154408815e-06,
      "full_oracle_sum": 1.296612339529898e-07
    },
    "block_h3_output_coupling": {
      "candidate_over_baseline": 0.8553947060038413,
      "gap_capture": 0.14888380745178828,
      "raw_gain": 1.16905095738985,
      "baseline_sum": 4.511954535147675e-06,
      "candidate_sum": 3.859502023095344e-06,
      "full_oracle_sum": 1.296612339529898e-07
    },
    "basis_pca12_sens": {
      "candidate_over_baseline": 0.5362393715980933,
      "gap_capture": 0.4774821598477851,
      "raw_gain": 1.8648388256532031,
      "baseline_sum": 4.511954535147675e-06,
      "candidate_sum": 2.419487664606757e-06,
      "full_oracle_sum": 1.296612339529898e-07
    },
    "oracle_best_family_per_record": {
      "candidate_over_baseline": 0.5285275763922951,
      "gap_capture": 0.48542212802459467,
      "raw_gain": 1.8920488630431622,
      "baseline_sum": 4.511954535147675e-06,
      "candidate_sum": 2.384692395253825e-06,
      "full_oracle_sum": 1.296612339529898e-07
    }
  },
  "interpretation": {
    "support_capacity_principle": "For a frozen support S, the exact-amplitude replay is an upper bound on every deployable coefficient policy whose correction is restricted to S. Failure of this oracle support gate closes all amplitude-learning descendants on that support.",
    "four_family_menu_rotation19_ceiling": 0.40532884442369504,
    "four_family_menu_pooled_ceiling": 0.48542212802459467,
    "rotation19_gate_half_passed": false,
    "strongest_honest_conclusion": "The tested target-free selectors identify reproducible support, but the selected 32-coordinate subspace does not uniformly contain half of the full layer-31 oracle repair. Stable index selection and signed repair capacity are distinct properties."
  }
}
