{"completed": 0, "candidate": "baseline", "raw_mse": 1.7292034610838877e-07, "effective_compute": 177842998081.9268}
{"completed": 1, "candidate": "baseline", "raw_mse": 1.7065237481309487e-07, "effective_compute": 175854572254.3416}
{"completed": 2, "candidate": "baseline", "raw_mse": 3.0632182774442233e-07, "effective_compute": 175573183685.64972}
{"completed": 3, "candidate": "baseline", "raw_mse": 1.1508135536205215e-07, "effective_compute": 175387481340.31573}
{"completed": 4, "candidate": "baseline", "raw_mse": 9.933809629171565e-08, "effective_compute": 176913210443.3296}
{"completed": 5, "candidate": "baseline", "raw_mse": 2.1903506774076486e-07, "effective_compute": 175692131622.803}
{"completed": 6, "candidate": "baseline", "raw_mse": 1.2839724410832278e-07, "effective_compute": 175119604446.10248}
{"completed": 7, "candidate": "baseline", "raw_mse": 1.2539644493508675e-07, "effective_compute": 174646846434.21002}
{"completed": 8, "candidate": "baseline", "raw_mse": 2.7141748369097576e-07, "effective_compute": 174922317751.79187}
{"completed": 9, "candidate": "baseline", "raw_mse": 1.0680176861324705e-07, "effective_compute": 176451137402.20346}
{"completed": 10, "candidate": "baseline", "raw_mse": 6.558509047015485e-08, "effective_compute": 174833844831.32193}
{"completed": 11, "candidate": "baseline", "raw_mse": 2.3927366243014836e-07, "effective_compute": 175710798167.73215}
{"completed": 12, "candidate": "baseline", "raw_mse": 1.4909652241340604e-07, "effective_compute": 175509882900.97244}
{"completed": 13, "candidate": "baseline", "raw_mse": 8.643008416199285e-08, "effective_compute": 175876899525.63174}
{"completed": 14, "candidate": "baseline", "raw_mse": 4.0393985183274074e-07, "effective_compute": 175510324417.72202}
{"completed": 15, "candidate": "baseline", "raw_mse": 1.77396046001807e-07, "effective_compute": 175740023768.6155}
{"completed": 16, "candidate": "baseline", "raw_mse": 1.2346531792460162e-07, "effective_compute": 174846155216.09464}
{"completed": 17, "candidate": "baseline", "raw_mse": 1.8939869950853357e-07, "effective_compute": 175335001709.04825}
{"completed": 18, "candidate": "baseline", "raw_mse": 1.3927370259285502e-07, "effective_compute": 176222376987.44662}
{"completed": 19, "candidate": "baseline", "raw_mse": 1.45384037530872e-07, "effective_compute": 175700598904.97156}
{"completed": 20, "candidate": "baseline", "raw_mse": 4.035061068269782e-07, "effective_compute": 175824819850.84393}
{"completed": 21, "candidate": "baseline", "raw_mse": 1.1591091750293798e-07, "effective_compute": 175644957433.56326}
{"completed": 22, "candidate": "baseline", "raw_mse": 1.8717695644433954e-07, "effective_compute": 175420563454.84833}
{"completed": 23, "candidate": "baseline", "raw_mse": 1.2454125922239235e-07, "effective_compute": 175617295453.43347}
{"completed": 24, "candidate": "baseline", "raw_mse": 1.7912514544921297e-07, "effective_compute": 175566498815.19058}
{"completed": 25, "candidate": "baseline", "raw_mse": 5.574912686316463e-08, "effective_compute": 174956652076.09216}
{"completed": 26, "candidate": "baseline", "raw_mse": 2.426948234555596e-07, "effective_compute": 175399244549.7928}
{"completed": 27, "candidate": "baseline", "raw_mse": 1.576096312712764e-07, "effective_compute": 175990726655.4577}
{"completed": 28, "candidate": "baseline", "raw_mse": 5.017262435269589e-07, "effective_compute": 175369050000.9028}
{"completed": 29, "candidate": "baseline", "raw_mse": 1.178063754801694e-07, "effective_compute": 175158881951.23206}
{"completed": 30, "candidate": "baseline", "raw_mse": 1.9241599154484228e-07, "effective_compute": 175201271470.7447}
{"completed": 31, "candidate": "baseline", "raw_mse": 1.432414689263517e-07, "effective_compute": 175007818193.28348}
{"completed": 32, "candidate": "baseline", "raw_mse": 1.5127406463289243e-07, "effective_compute": 174816505444.34467}
{"completed": 33, "candidate": "baseline", "raw_mse": 1.941967501050717e-07, "effective_compute": 176706646798.2871}
{"completed": 34, "candidate": "baseline", "raw_mse": 1.471692168194521e-07, "effective_compute": 175346781752.18085}
{"completed": 35, "candidate": "baseline", "raw_mse": 1.683313890660295e-07, "effective_compute": 174977002894.6144}
{"completed": 36, "candidate": "baseline", "raw_mse": 1.2805344303751332e-07, "effective_compute": 175014436869.9906}
{"completed": 37, "candidate": "baseline", "raw_mse": 1.293701488797117e-07, "effective_compute": 175523249708.2246}
{"completed": 38, "candidate": "baseline", "raw_mse": 4.120870438231564e-07, "effective_compute": 174921256416.58582}
{"completed": 39, "candidate": "baseline", "raw_mse": 9.856403139144999e-08, "effective_compute": 175362473047.447}
{"completed": 40, "candidate": "baseline", "raw_mse": 7.328046985798758e-08, "effective_compute": 176889537201.37158}
{"completed": 41, "candidate": "baseline", "raw_mse": 7.81404808041481e-08, "effective_compute": 174945963496.45087}
{"completed": 42, "candidate": "baseline", "raw_mse": 1.5182920851461e-07, "effective_compute": 174822650822.9194}
{"completed": 43, "candidate": "baseline", "raw_mse": 2.1048315988293104e-07, "effective_compute": 176011829563.52512}
{"completed": 44, "candidate": "baseline", "raw_mse": 1.2033490244230633e-07, "effective_compute": 175415539016.1244}
{"completed": 45, "candidate": "baseline", "raw_mse": 1.2786588303387546e-07, "effective_compute": 174814831182.4692}
{"completed": 46, "candidate": "baseline", "raw_mse": 1.7455030011776608e-07, "effective_compute": 174828511938.56128}
{"completed": 47, "candidate": "baseline", "raw_mse": 2.5489361334495327e-07, "effective_compute": 176242407966.51373}
{"completed": 48, "candidate": "baseline", "raw_mse": 1.445196585345349e-07, "effective_compute": 175741347876.48596}
{"completed": 49, "candidate": "baseline", "raw_mse": 1.737738908899087e-07, "effective_compute": 175332180476.85602}
{"completed": 50, "candidate": "baseline", "raw_mse": 1.330720126314584e-06, "effective_compute": 175964146010.68625}
{"completed": 51, "candidate": "baseline", "raw_mse": 2.909795366647768e-07, "effective_compute": 176582102124.6878}
{"completed": 52, "candidate": "baseline", "raw_mse": 2.806432225907534e-07, "effective_compute": 175603439748.39575}
{"completed": 53, "candidate": "baseline", "raw_mse": 1.0075006779723872e-06, "effective_compute": 175969320904.57208}
{"completed": 54, "candidate": "baseline", "raw_mse": 4.67742914603517e-07, "effective_compute": 174790989254.70987}
{"completed": 55, "candidate": "baseline", "raw_mse": 1.4235401116770733e-07, "effective_compute": 175023622527.82712}
{"completed": 56, "candidate": "baseline", "raw_mse": 2.09960195856097e-07, "effective_compute": 174204048114.93732}
{"completed": 57, "candidate": "baseline", "raw_mse": 2.3108036301946187e-07, "effective_compute": 174914073567.94604}
{"completed": 58, "candidate": "baseline", "raw_mse": 1.5839753985228088e-07, "effective_compute": 175228080638.7929}
{"completed": 59, "candidate": "baseline", "raw_mse": 1.3716001477013836e-07, "effective_compute": 175010385290.82812}
{"completed": 60, "candidate": "baseline", "raw_mse": 3.812401329398086e-07, "effective_compute": 176218835889.47037}
{"completed": 61, "candidate": "baseline", "raw_mse": 1.3838959074466987e-07, "effective_compute": 175305551054.06473}
{"completed": 62, "candidate": "baseline", "raw_mse": 1.0292040607392693e-07, "effective_compute": 175777022769.78323}
{"completed": 63, "candidate": "baseline", "raw_mse": 1.8709566322590397e-07, "effective_compute": 175277027623.8365}
{"completed": 64, "candidate": "baseline", "raw_mse": 3.00846013405889e-07, "effective_compute": 175340882778.27628}
{"completed": 65, "candidate": "baseline", "raw_mse": 2.8242298039449736e-07, "effective_compute": 175383240074.02786}
{"completed": 66, "candidate": "baseline", "raw_mse": 3.6037750492647956e-07, "effective_compute": 175123540424.85037}
{"completed": 67, "candidate": "baseline", "raw_mse": 1.6254185069358463e-07, "effective_compute": 174981243602.10873}
{"completed": 68, "candidate": "baseline", "raw_mse": 2.2022303462801346e-07, "effective_compute": 175464559575.65137}
{"completed": 69, "candidate": "baseline", "raw_mse": 3.148658282274746e-07, "effective_compute": 174599265885.64792}
{"completed": 70, "candidate": "baseline", "raw_mse": 3.1320584566333876e-07, "effective_compute": 174887903496.7316}
{"completed": 71, "candidate": "baseline", "raw_mse": 4.075019718968266e-07, "effective_compute": 176524294303.83868}
{"completed": 72, "candidate": "baseline", "raw_mse": 2.0249410986491359e-07, "effective_compute": 175168418065.75336}
{"completed": 73, "candidate": "baseline", "raw_mse": 2.6435101748199885e-07, "effective_compute": 174797236845.93716}
{"completed": 74, "candidate": "baseline", "raw_mse": 3.290227610627405e-07, "effective_compute": 174899438555.46097}
{"completed": 75, "candidate": "baseline", "raw_mse": 1.5847804588998782e-07, "effective_compute": 176827751422.4095}
{"completed": 76, "candidate": "baseline", "raw_mse": 2.0368857734907924e-07, "effective_compute": 174658993371.8709}
{"completed": 77, "candidate": "baseline", "raw_mse": 1.292149540662221e-07, "effective_compute": 174727480761.8154}
{"completed": 78, "candidate": "baseline", "raw_mse": 4.918318028267495e-07, "effective_compute": 176488861158.59875}
{"completed": 79, "candidate": "baseline", "raw_mse": 2.4646935791405507e-07, "effective_compute": 175522801788.63235}
{"completed": 80, "candidate": "baseline", "raw_mse": 2.4593327714488404e-07, "effective_compute": 175449083113.22012}
{"completed": 81, "candidate": "baseline", "raw_mse": 2.0473160019663588e-07, "effective_compute": 175392956399.46738}
{"completed": 82, "candidate": "baseline", "raw_mse": 4.1817559507811927e-07, "effective_compute": 175596671524.5662}
{"completed": 83, "candidate": "baseline", "raw_mse": 1.1953363347356766e-07, "effective_compute": 175264867205.28134}
{"completed": 84, "candidate": "baseline", "raw_mse": 3.8906439826677243e-07, "effective_compute": 175122491546.08377}
{"completed": 85, "candidate": "baseline", "raw_mse": 3.3084086355250474e-07, "effective_compute": 175434730989.96707}
{"completed": 86, "candidate": "baseline", "raw_mse": 4.0446221916508795e-07, "effective_compute": 176813213011.35846}
{"completed": 87, "candidate": "baseline", "raw_mse": 2.491593303186373e-07, "effective_compute": 175112956293.03583}
{"completed": 88, "candidate": "baseline", "raw_mse": 1.9514543643540848e-07, "effective_compute": 175441296138.90924}
{"completed": 89, "candidate": "baseline", "raw_mse": 9.84716899957923e-08, "effective_compute": 176304399521.19867}
{"completed": 90, "candidate": "baseline", "raw_mse": 1.6793618487585614e-07, "effective_compute": 175105753374.39456}
{"completed": 91, "candidate": "baseline", "raw_mse": 7.849296553766416e-08, "effective_compute": 175505771414.48535}
{"completed": 92, "candidate": "baseline", "raw_mse": 3.458935857409885e-07, "effective_compute": 176184260608.73697}
{"completed": 93, "candidate": "baseline", "raw_mse": 5.3341127054991985e-08, "effective_compute": 176876512562.03333}
{"completed": 94, "candidate": "baseline", "raw_mse": 1.298049256601806e-07, "effective_compute": 177644008045.19333}
{"completed": 95, "candidate": "baseline", "raw_mse": 2.8869227238991744e-07, "effective_compute": 176537311888.40845}
{"completed": 96, "candidate": "baseline", "raw_mse": 2.0807168806638633e-07, "effective_compute": 176733318829.0862}
{"completed": 97, "candidate": "baseline", "raw_mse": 3.4762794667511386e-07, "effective_compute": 178488224228.9526}
{"completed": 98, "candidate": "baseline", "raw_mse": 1.656573837132459e-07, "effective_compute": 177252542852.53265}
{"completed": 99, "candidate": "baseline", "raw_mse": 1.298250360662813e-07, "effective_compute": 177559446935.65048}
{"completed": 0, "candidate": "two_layer", "raw_mse": 1.7262288962641498e-07, "effective_compute": 182545886822.83728}
{"completed": 1, "candidate": "two_layer", "raw_mse": 1.7118358588507988e-07, "effective_compute": 178547174247.46085}
{"completed": 2, "candidate": "two_layer", "raw_mse": 3.0895155436175564e-07, "effective_compute": 177658536796.34454}
{"completed": 3, "candidate": "two_layer", "raw_mse": 1.1488631395836396e-07, "effective_compute": 183661848705.56}
{"completed": 4, "candidate": "two_layer", "raw_mse": 9.87034775299264e-08, "effective_compute": 186972319712.1141}
{"completed": 5, "candidate": "two_layer", "raw_mse": 2.204625753157677e-07, "effective_compute": 184034790483.4136}
{"completed": 6, "candidate": "two_layer", "raw_mse": 1.2806195973485467e-07, "effective_compute": 182728883267.05136}
{"completed": 7, "candidate": "two_layer", "raw_mse": 1.256370093016441e-07, "effective_compute": 184158224401.95657}
{"completed": 8, "candidate": "two_layer", "raw_mse": 2.721541997240113e-07, "effective_compute": 178838998332.97433}
{"completed": 9, "candidate": "two_layer", "raw_mse": 1.0689809469520481e-07, "effective_compute": 185007739641.51663}
{"completed": 10, "candidate": "two_layer", "raw_mse": 6.566054965054584e-08, "effective_compute": 184365372121.31555}
{"completed": 11, "candidate": "two_layer", "raw_mse": 2.3835103887023204e-07, "effective_compute": 176325895687.24228}
{"completed": 12, "candidate": "two_layer", "raw_mse": 1.4978588323597053e-07, "effective_compute": 179928489959.358}
{"completed": 13, "candidate": "two_layer", "raw_mse": 8.591995252838915e-08, "effective_compute": 182938440063.24713}
{"completed": 14, "candidate": "two_layer", "raw_mse": 4.041895473850512e-07, "effective_compute": 179633993947.77066}
{"completed": 15, "candidate": "two_layer", "raw_mse": 1.7582472893041434e-07, "effective_compute": 186117652865.46735}
{"completed": 16, "candidate": "two_layer", "raw_mse": 1.2336791703391116e-07, "effective_compute": 186140446804.56894}
{"completed": 17, "candidate": "two_layer", "raw_mse": 1.9024591292934016e-07, "effective_compute": 181494607497.96414}
{"completed": 18, "candidate": "two_layer", "raw_mse": 1.3899879462234714e-07, "effective_compute": 187735215631.25778}
{"completed": 19, "candidate": "two_layer", "raw_mse": 1.4615497645723415e-07, "effective_compute": 174117602081.62534}
{"completed": 20, "candidate": "two_layer", "raw_mse": 4.0254548132905767e-07, "effective_compute": 178513011407.57913}
{"completed": 21, "candidate": "two_layer", "raw_mse": 1.1559278470396639e-07, "effective_compute": 181548114387.63828}
{"completed": 22, "candidate": "two_layer", "raw_mse": 1.8682152879635897e-07, "effective_compute": 181464785333.19107}
{"completed": 23, "candidate": "two_layer", "raw_mse": 1.235320924624385e-07, "effective_compute": 178945373623.22476}
{"completed": 24, "candidate": "two_layer", "raw_mse": 1.8040633314820324e-07, "effective_compute": 176207381823.80832}
{"completed": 25, "candidate": "two_layer", "raw_mse": 5.543692790062841e-08, "effective_compute": 181684815544.71497}
{"completed": 26, "candidate": "two_layer", "raw_mse": 2.423665400557959e-07, "effective_compute": 179077923201.31924}
{"completed": 27, "candidate": "two_layer", "raw_mse": 1.574559416898591e-07, "effective_compute": 181046854915.62103}
{"completed": 28, "candidate": "two_layer", "raw_mse": 5.072150639834286e-07, "effective_compute": 181163711469.40384}
{"completed": 29, "candidate": "two_layer", "raw_mse": 1.1805892314289588e-07, "effective_compute": 179193394481.4589}
{"completed": 30, "candidate": "two_layer", "raw_mse": 1.9385248578252286e-07, "effective_compute": 180693048287.88342}
{"completed": 31, "candidate": "two_layer", "raw_mse": 1.4380114512277348e-07, "effective_compute": 184951818901.8476}
{"completed": 32, "candidate": "two_layer", "raw_mse": 1.4895628732106899e-07, "effective_compute": 177533273770.7195}
{"completed": 33, "candidate": "two_layer", "raw_mse": 1.952686812070094e-07, "effective_compute": 175747938010.52087}
{"completed": 34, "candidate": "two_layer", "raw_mse": 1.4759407213992626e-07, "effective_compute": 180184439927.26892}
{"completed": 35, "candidate": "two_layer", "raw_mse": 1.671378278460935e-07, "effective_compute": 177802084336.2571}
{"completed": 36, "candidate": "two_layer", "raw_mse": 1.244529713262634e-07, "effective_compute": 187104944846.9617}
{"completed": 37, "candidate": "two_layer", "raw_mse": 1.2901618131929965e-07, "effective_compute": 177189800944.70056}
{"completed": 38, "candidate": "two_layer", "raw_mse": 4.16236058393822e-07, "effective_compute": 180041445971.0497}
{"completed": 39, "candidate": "two_layer", "raw_mse": 9.862869879022846e-08, "effective_compute": 179151742831.3681}
{"completed": 40, "candidate": "two_layer", "raw_mse": 7.333196487202541e-08, "effective_compute": 187569563207.58282}
{"completed": 41, "candidate": "two_layer", "raw_mse": 7.798671669841853e-08, "effective_compute": 179159939648.86874}
{"completed": 42, "candidate": "two_layer", "raw_mse": 1.528040102865985e-07, "effective_compute": 184702502277.18237}
{"completed": 43, "candidate": "two_layer", "raw_mse": 2.1090933196647143e-07, "effective_compute": 187506536187.53818}
{"completed": 44, "candidate": "two_layer", "raw_mse": 1.198940394201632e-07, "effective_compute": 176822539035.31226}
{"completed": 45, "candidate": "two_layer", "raw_mse": 1.2868294116260755e-07, "effective_compute": 182404799929.8657}
{"completed": 46, "candidate": "two_layer", "raw_mse": 1.7252281227629508e-07, "effective_compute": 187168702967.51917}
{"completed": 47, "candidate": "two_layer", "raw_mse": 2.54786989365118e-07, "effective_compute": 180489334793.94415}
{"completed": 48, "candidate": "two_layer", "raw_mse": 1.4359650011975296e-07, "effective_compute": 184055890589.34863}
{"completed": 49, "candidate": "two_layer", "raw_mse": 1.7345852335493614e-07, "effective_compute": 181781991069.42474}
{"completed": 50, "candidate": "two_layer", "raw_mse": 1.3306898254449221e-06, "effective_compute": 177731670039.4435}
{"completed": 51, "candidate": "two_layer", "raw_mse": 2.912866218294579e-07, "effective_compute": 181823002424.41818}
{"completed": 52, "candidate": "two_layer", "raw_mse": 2.8095755898700147e-07, "effective_compute": 180533130729.47336}
{"completed": 53, "candidate": "two_layer", "raw_mse": 1.0081711655439873e-06, "effective_compute": 179447547997.25876}
{"completed": 54, "candidate": "two_layer", "raw_mse": 4.674151029531729e-07, "effective_compute": 177084315642.75827}
{"completed": 55, "candidate": "two_layer", "raw_mse": 1.4055052115387937e-07, "effective_compute": 180305289119.16833}
{"completed": 56, "candidate": "two_layer", "raw_mse": 2.0960774574343164e-07, "effective_compute": 179352580761.2444}
{"completed": 57, "candidate": "two_layer", "raw_mse": 2.320941084304674e-07, "effective_compute": 182581134997.55984}
{"completed": 58, "candidate": "two_layer", "raw_mse": 1.591335028034752e-07, "effective_compute": 185944429742.53613}
{"completed": 59, "candidate": "two_layer", "raw_mse": 1.3723192662003327e-07, "effective_compute": 178131474732.22318}
{"completed": 60, "candidate": "two_layer", "raw_mse": 3.833634353734007e-07, "effective_compute": 177484919388.1056}
{"completed": 61, "candidate": "two_layer", "raw_mse": 1.394043538646378e-07, "effective_compute": 190921950717.9496}
{"completed": 62, "candidate": "two_layer", "raw_mse": 1.0340961017475503e-07, "effective_compute": 181130534116.7077}
{"completed": 63, "candidate": "two_layer", "raw_mse": 1.858777939954058e-07, "effective_compute": 175001054837.3591}
{"completed": 64, "candidate": "two_layer", "raw_mse": 3.0124501171553556e-07, "effective_compute": 184732650595.9206}
{"completed": 65, "candidate": "two_layer", "raw_mse": 2.832221607438887e-07, "effective_compute": 182499616801.3746}
{"completed": 66, "candidate": "two_layer", "raw_mse": 3.616948241968236e-07, "effective_compute": 183528596544.49213}
{"completed": 67, "candidate": "two_layer", "raw_mse": 1.6298458685769607e-07, "effective_compute": 178629775263.30927}
{"completed": 68, "candidate": "two_layer", "raw_mse": 2.203581742637464e-07, "effective_compute": 180178661556.2501}
{"completed": 69, "candidate": "two_layer", "raw_mse": 3.170273940900584e-07, "effective_compute": 180411479408.01535}
{"completed": 70, "candidate": "two_layer", "raw_mse": 3.1367640045264594e-07, "effective_compute": 174692621636.63467}
{"completed": 71, "candidate": "two_layer", "raw_mse": 4.1022165641394617e-07, "effective_compute": 181597019015.38806}
{"completed": 72, "candidate": "two_layer", "raw_mse": 2.0246958824906948e-07, "effective_compute": 181843865573.10376}
{"completed": 73, "candidate": "two_layer", "raw_mse": 2.63706318697816e-07, "effective_compute": 182189736373.2547}
{"completed": 74, "candidate": "two_layer", "raw_mse": 3.309690685682848e-07, "effective_compute": 181316196237.19385}
{"completed": 75, "candidate": "two_layer", "raw_mse": 1.584453019203265e-07, "effective_compute": 182002818186.95807}
{"completed": 76, "candidate": "two_layer", "raw_mse": 2.0375805445029206e-07, "effective_compute": 188139735145.01685}
{"completed": 77, "candidate": "two_layer", "raw_mse": 1.285240062240143e-07, "effective_compute": 184485522491.4255}
{"completed": 78, "candidate": "two_layer", "raw_mse": 4.92124393306354e-07, "effective_compute": 177686409931.2417}
{"completed": 79, "candidate": "two_layer", "raw_mse": 2.474361307615451e-07, "effective_compute": 183999220618.89938}
{"completed": 80, "candidate": "two_layer", "raw_mse": 2.4678741003004593e-07, "effective_compute": 171978018022.62564}
{"completed": 81, "candidate": "two_layer", "raw_mse": 2.0386983120785522e-07, "effective_compute": 184172049890.6286}
{"completed": 82, "candidate": "two_layer", "raw_mse": 4.1929279568643335e-07, "effective_compute": 182600235385.73468}
{"completed": 83, "candidate": "two_layer", "raw_mse": 1.198267994562766e-07, "effective_compute": 177794097515.4868}
{"completed": 84, "candidate": "two_layer", "raw_mse": 3.8908158764490624e-07, "effective_compute": 180512605187.98}
{"completed": 85, "candidate": "two_layer", "raw_mse": 3.2891846353951784e-07, "effective_compute": 179683014403.20975}
{"completed": 86, "candidate": "two_layer", "raw_mse": 4.0382009747951293e-07, "effective_compute": 173143317459.16727}
{"completed": 87, "candidate": "two_layer", "raw_mse": 2.4817661955762625e-07, "effective_compute": 188034114911.70486}
{"completed": 88, "candidate": "two_layer", "raw_mse": 1.9551990434970696e-07, "effective_compute": 175567401689.983}
{"completed": 89, "candidate": "two_layer", "raw_mse": 9.864708893598931e-08, "effective_compute": 177677482241.77484}
{"completed": 90, "candidate": "two_layer", "raw_mse": 1.6791030883406527e-07, "effective_compute": 188346914798.63522}
{"completed": 91, "candidate": "two_layer", "raw_mse": 7.785128879192322e-08, "effective_compute": 180749222228.53525}
{"completed": 92, "candidate": "two_layer", "raw_mse": 3.4480718915739333e-07, "effective_compute": 177334671931.224}
{"completed": 93, "candidate": "two_layer", "raw_mse": 5.374255440182453e-08, "effective_compute": 182497225549.32837}
{"completed": 94, "candidate": "two_layer", "raw_mse": 1.2955631936778895e-07, "effective_compute": 185558948955.36557}
{"completed": 95, "candidate": "two_layer", "raw_mse": 2.884093815616884e-07, "effective_compute": 174998435590.4152}
{"completed": 96, "candidate": "two_layer", "raw_mse": 2.0714869047031024e-07, "effective_compute": 184434961833.1143}
{"completed": 97, "candidate": "two_layer", "raw_mse": 3.482654265210426e-07, "effective_compute": 179751423749.64655}
{"completed": 98, "candidate": "two_layer", "raw_mse": 1.6537540471122383e-07, "effective_compute": 183801215547.38867}
{"completed": 99, "candidate": "two_layer", "raw_mse": 1.3042528530117657e-07, "effective_compute": 174907903062.9906}
{"completed": 0, "candidate": "fixed_three", "raw_mse": 1.7511634941509277e-07, "effective_compute": 178385009650.9023}
{"completed": 1, "candidate": "fixed_three", "raw_mse": 1.70405256101048e-07, "effective_compute": 178394872412.42487}
{"completed": 2, "candidate": "fixed_three", "raw_mse": 3.060888929064588e-07, "effective_compute": 176770712240.39896}
{"completed": 3, "candidate": "fixed_three", "raw_mse": 1.1553050516333066e-07, "effective_compute": 188266130463.09433}
{"completed": 4, "candidate": "fixed_three", "raw_mse": 9.704043971528062e-08, "effective_compute": 190081625914.77286}
{"completed": 5, "candidate": "fixed_three", "raw_mse": 2.2226421158009968e-07, "effective_compute": 186043285703.5675}
{"completed": 6, "candidate": "fixed_three", "raw_mse": 1.264015487366224e-07, "effective_compute": 182742693504.7139}
{"completed": 7, "candidate": "fixed_three", "raw_mse": 1.3067979589930107e-07, "effective_compute": 188331103676.59525}
{"completed": 8, "candidate": "fixed_three", "raw_mse": 2.7700590955962434e-07, "effective_compute": 180052779262.14203}
{"completed": 9, "candidate": "fixed_three", "raw_mse": 1.0926187543329179e-07, "effective_compute": 186949004873.43982}
{"completed": 10, "candidate": "fixed_three", "raw_mse": 6.634374773323241e-08, "effective_compute": 185335702636.6741}
{"completed": 11, "candidate": "fixed_three", "raw_mse": 2.4607234774944503e-07, "effective_compute": 172633716866.06317}
{"completed": 12, "candidate": "fixed_three", "raw_mse": 1.5459997791136927e-07, "effective_compute": 180106126995.20337}
{"completed": 13, "candidate": "fixed_three", "raw_mse": 8.458139102582487e-08, "effective_compute": 186421761947.1719}
{"completed": 14, "candidate": "fixed_three", "raw_mse": 4.1144657200996857e-07, "effective_compute": 178826282379.34885}
{"completed": 15, "candidate": "fixed_three", "raw_mse": 1.7219923683993082e-07, "effective_compute": 192487275976.30423}
{"completed": 16, "candidate": "fixed_three", "raw_mse": 1.2613630790268832e-07, "effective_compute": 188425934562.8941}
{"completed": 17, "candidate": "fixed_three", "raw_mse": 1.9251327432074264e-07, "effective_compute": 180332142356.69382}
{"completed": 18, "candidate": "fixed_three", "raw_mse": 1.394968564928813e-07, "effective_compute": 191579259328.12112}
{"completed": 19, "candidate": "fixed_three", "raw_mse": 1.4507773900598538e-07, "effective_compute": 171318168013.44537}
{"completed": 20, "candidate": "fixed_three", "raw_mse": 4.100614592888224e-07, "effective_compute": 176255184138.79312}
{"completed": 21, "candidate": "fixed_three", "raw_mse": 1.1856921989749435e-07, "effective_compute": 181746641351.02515}
{"completed": 22, "candidate": "fixed_three", "raw_mse": 1.9153636307999678e-07, "effective_compute": 185244116032.238}
{"completed": 23, "candidate": "fixed_three", "raw_mse": 1.2409585879372778e-07, "effective_compute": 179295134806.34583}
{"completed": 24, "candidate": "fixed_three", "raw_mse": 1.782709074043502e-07, "effective_compute": 176196713673.29666}
{"completed": 25, "candidate": "fixed_three", "raw_mse": 5.6190238275855746e-08, "effective_compute": 181083006457.17474}
{"completed": 26, "candidate": "fixed_three", "raw_mse": 2.5032450957744484e-07, "effective_compute": 177744774853.19202}
{"completed": 27, "candidate": "fixed_three", "raw_mse": 1.5686959574050184e-07, "effective_compute": 181532284468.42093}
{"completed": 28, "candidate": "fixed_three", "raw_mse": 5.117279694739224e-07, "effective_compute": 181795850166.70886}
{"completed": 29, "candidate": "fixed_three", "raw_mse": 1.2114312154545028e-07, "effective_compute": 179173968289.76813}
{"completed": 30, "candidate": "fixed_three", "raw_mse": 1.9380389421418588e-07, "effective_compute": 179746968733.14987}
{"completed": 31, "candidate": "fixed_three", "raw_mse": 1.4649099851262853e-07, "effective_compute": 188081839106.51715}
{"completed": 32, "candidate": "fixed_three", "raw_mse": 1.4581001236546263e-07, "effective_compute": 177389469302.9409}
{"completed": 33, "candidate": "fixed_three", "raw_mse": 2.0016608556167833e-07, "effective_compute": 177368657369.2833}
{"completed": 34, "candidate": "fixed_three", "raw_mse": 1.4985093818848415e-07, "effective_compute": 180837511609.8334}
{"completed": 35, "candidate": "fixed_three", "raw_mse": 1.6633491924345578e-07, "effective_compute": 178382636623.6158}
{"completed": 36, "candidate": "fixed_three", "raw_mse": 1.2279994663061672e-07, "effective_compute": 192568186881.6003}
{"completed": 37, "candidate": "fixed_three", "raw_mse": 1.3206398241764412e-07, "effective_compute": 175805595494.35}
{"completed": 38, "candidate": "fixed_three", "raw_mse": 4.1958881598749785e-07, "effective_compute": 181975766685.46817}
{"completed": 39, "candidate": "fixed_three", "raw_mse": 9.622694212974065e-08, "effective_compute": 181169128184.07098}
{"completed": 40, "candidate": "fixed_three", "raw_mse": 7.441300639569917e-08, "effective_compute": 197319888531.06363}
{"completed": 41, "candidate": "fixed_three", "raw_mse": 8.008578767809065e-08, "effective_compute": 179692130920.17776}
{"completed": 42, "candidate": "fixed_three", "raw_mse": 1.535955405313328e-07, "effective_compute": 187170160071.80826}
{"completed": 43, "candidate": "fixed_three", "raw_mse": 2.1036496595207273e-07, "effective_compute": 192758308857.43686}
{"completed": 44, "candidate": "fixed_three", "raw_mse": 1.209579913612097e-07, "effective_compute": 176519137682.50687}
{"completed": 45, "candidate": "fixed_three", "raw_mse": 1.3352140825747887e-07, "effective_compute": 185544192930.7734}
{"completed": 46, "candidate": "fixed_three", "raw_mse": 1.7534915039238407e-07, "effective_compute": 192953327237.59076}
{"completed": 47, "candidate": "fixed_three", "raw_mse": 2.559419390194327e-07, "effective_compute": 180858445057.60214}
{"completed": 48, "candidate": "fixed_three", "raw_mse": 1.4769859499987953e-07, "effective_compute": 183390533331.39697}
{"completed": 49, "candidate": "fixed_three", "raw_mse": 1.7825019780252192e-07, "effective_compute": 183806942115.57852}
{"completed": 50, "candidate": "fixed_three", "raw_mse": 1.3411964514918846e-06, "effective_compute": 175895934219.67096}
{"completed": 51, "candidate": "fixed_three", "raw_mse": 2.915297633651109e-07, "effective_compute": 183752242365.17914}
{"completed": 52, "candidate": "fixed_three", "raw_mse": 2.795747563298955e-07, "effective_compute": 181037843860.98248}
{"completed": 53, "candidate": "fixed_three", "raw_mse": 1.0046065524296254e-06, "effective_compute": 178618754072.27435}
{"completed": 54, "candidate": "fixed_three", "raw_mse": 4.6275605385902553e-07, "effective_compute": 177088302433.07703}
{"completed": 55, "candidate": "fixed_three", "raw_mse": 1.4179980732992833e-07, "effective_compute": 181585928932.02682}
{"completed": 56, "candidate": "fixed_three", "raw_mse": 2.0923920819551662e-07, "effective_compute": 179213933025.2873}
{"completed": 57, "candidate": "fixed_three", "raw_mse": 2.3168136208574134e-07, "effective_compute": 182734454190.31454}
{"completed": 58, "candidate": "fixed_three", "raw_mse": 1.5987510116694542e-07, "effective_compute": 190625378605.67465}
{"completed": 59, "candidate": "fixed_three", "raw_mse": 1.3668256935469005e-07, "effective_compute": 177272498606.17783}
{"completed": 60, "candidate": "fixed_three", "raw_mse": 3.686860673015021e-07, "effective_compute": 178968999154.8204}
{"completed": 61, "candidate": "fixed_three", "raw_mse": 1.4069161555144678e-07, "effective_compute": 198682553167.02994}
{"completed": 62, "candidate": "fixed_three", "raw_mse": 1.0516243893553135e-07, "effective_compute": 185020906851.28665}
{"completed": 63, "candidate": "fixed_three", "raw_mse": 1.9191717754947455e-07, "effective_compute": 173915080727.7525}
{"completed": 64, "candidate": "fixed_three", "raw_mse": 2.988551546112849e-07, "effective_compute": 188271386788.00293}
{"completed": 65, "candidate": "fixed_three", "raw_mse": 2.7971966369538675e-07, "effective_compute": 185570050724.32336}
{"completed": 66, "candidate": "fixed_three", "raw_mse": 3.6747942960604964e-07, "effective_compute": 184618947633.40604}
{"completed": 67, "candidate": "fixed_three", "raw_mse": 1.5896638492636802e-07, "effective_compute": 180852280175.00653}
{"completed": 68, "candidate": "fixed_three", "raw_mse": 2.1819522770169277e-07, "effective_compute": 186319935736.68488}
{"completed": 69, "candidate": "fixed_three", "raw_mse": 3.2430386415596465e-07, "effective_compute": 185678713212.06906}
{"completed": 70, "candidate": "fixed_three", "raw_mse": 3.1685101236954613e-07, "effective_compute": 173938632822.45398}
{"completed": 71, "candidate": "fixed_three", "raw_mse": 4.3155749051756353e-07, "effective_compute": 183791667915.3769}
{"completed": 72, "candidate": "fixed_three", "raw_mse": 2.014331400831217e-07, "effective_compute": 185403339795.81766}
{"completed": 73, "candidate": "fixed_three", "raw_mse": 2.598305977462372e-07, "effective_compute": 187650996091.7512}
{"completed": 74, "candidate": "fixed_three", "raw_mse": 3.357034173570314e-07, "effective_compute": 184399261473.42114}
{"completed": 75, "candidate": "fixed_three", "raw_mse": 1.6343397588205156e-07, "effective_compute": 187801868784.79898}
{"completed": 76, "candidate": "fixed_three", "raw_mse": 2.0448018639308316e-07, "effective_compute": 197338017692.9504}
{"completed": 77, "candidate": "fixed_three", "raw_mse": 1.2922002441254265e-07, "effective_compute": 190772406582.37726}
{"completed": 78, "candidate": "fixed_three", "raw_mse": 4.920874198308196e-07, "effective_compute": 179629574606.02536}
{"completed": 79, "candidate": "fixed_three", "raw_mse": 2.4515611460880916e-07, "effective_compute": 187858976687.34683}
{"completed": 80, "candidate": "fixed_three", "raw_mse": 2.461040314197907e-07, "effective_compute": 172408029974.0881}
{"completed": 81, "candidate": "fixed_three", "raw_mse": 2.0241736169622486e-07, "effective_compute": 190291095100.99683}
{"completed": 82, "candidate": "fixed_three", "raw_mse": 4.1864664831314805e-07, "effective_compute": 183734789980.95486}
{"completed": 83, "candidate": "fixed_three", "raw_mse": 1.2009858923743147e-07, "effective_compute": 176249832200.37698}
{"completed": 84, "candidate": "fixed_three", "raw_mse": 3.8964065406071207e-07, "effective_compute": 177012547785.9478}
{"completed": 85, "candidate": "fixed_three", "raw_mse": 3.282370324194103e-07, "effective_compute": 180971293556.2567}
{"completed": 86, "candidate": "fixed_three", "raw_mse": 4.0077654293241246e-07, "effective_compute": 173921409720.4841}
{"completed": 87, "candidate": "fixed_three", "raw_mse": 2.4393921058924963e-07, "effective_compute": 194869497777.46906}
{"completed": 88, "candidate": "fixed_three", "raw_mse": 1.9460690879844605e-07, "effective_compute": 174644167331.05988}
{"completed": 89, "candidate": "fixed_three", "raw_mse": 9.953931203670424e-08, "effective_compute": 178165018496.35986}
{"completed": 90, "candidate": "fixed_three", "raw_mse": 1.693691508862722e-07, "effective_compute": 197648873850.3412}
{"completed": 91, "candidate": "fixed_three", "raw_mse": 8.101693676066606e-08, "effective_compute": 181144352916.00543}
{"completed": 92, "candidate": "fixed_three", "raw_mse": 3.5647652870178716e-07, "effective_compute": 178675981252.75418}
{"completed": 93, "candidate": "fixed_three", "raw_mse": 5.377633257999904e-08, "effective_compute": 188401462801.69907}
{"completed": 94, "candidate": "fixed_three", "raw_mse": 1.3061086992869016e-07, "effective_compute": 192202275942.61685}
{"completed": 95, "candidate": "fixed_three", "raw_mse": 2.922752877513839e-07, "effective_compute": 174358569787.83624}
{"completed": 96, "candidate": "fixed_three", "raw_mse": 2.1345441484985634e-07, "effective_compute": 186666395149.57648}
{"completed": 97, "candidate": "fixed_three", "raw_mse": 3.4815544651617877e-07, "effective_compute": 178546032915.7919}
{"completed": 98, "candidate": "fixed_three", "raw_mse": 1.720748390131871e-07, "effective_compute": 187283779587.14062}
{"completed": 99, "candidate": "fixed_three", "raw_mse": 1.309779601628536e-07, "effective_compute": 174414892505.67242}
{"completed": 0, "candidate": "adaptive_2_6", "raw_mse": 1.7309244862447346e-07, "effective_compute": 194486595035.44235}
{"completed": 1, "candidate": "adaptive_2_6", "raw_mse": 1.7279203219416736e-07, "effective_compute": 203483034968.42746}
{"completed": 2, "candidate": "adaptive_2_6", "raw_mse": 3.0684938398343697e-07, "effective_compute": 198793615796.07938}
{"completed": 3, "candidate": "adaptive_2_6", "raw_mse": 1.1497460139636924e-07, "effective_compute": 195532384672.7114}
{"completed": 4, "candidate": "adaptive_2_6", "raw_mse": 9.891436539101089e-08, "effective_compute": 198568633646.64752}
{"completed": 5, "candidate": "adaptive_2_6", "raw_mse": 2.230530793461356e-07, "effective_compute": 193447425648.675}
{"completed": 6, "candidate": "adaptive_2_6", "raw_mse": 1.2860081855048452e-07, "effective_compute": 199873598373.3371}
{"completed": 7, "candidate": "adaptive_2_6", "raw_mse": 1.2539089997162865e-07, "effective_compute": 195920028542.86383}
{"completed": 8, "candidate": "adaptive_2_6", "raw_mse": 2.7365073018867746e-07, "effective_compute": 191354589197.36957}
{"completed": 9, "candidate": "adaptive_2_6", "raw_mse": 1.0735054618650869e-07, "effective_compute": 194055115158.77283}
{"completed": 10, "candidate": "adaptive_2_6", "raw_mse": 6.538891046709613e-08, "effective_compute": 191570752973.16504}
{"completed": 11, "candidate": "adaptive_2_6", "raw_mse": 2.3514283059594538e-07, "effective_compute": 197657723404.89157}
{"completed": 12, "candidate": "adaptive_2_6", "raw_mse": 1.5377337672725645e-07, "effective_compute": 195532777190.77417}
{"completed": 13, "candidate": "adaptive_2_6", "raw_mse": 8.620201816390009e-08, "effective_compute": 193656771335.0385}
{"completed": 14, "candidate": "adaptive_2_6", "raw_mse": 4.033504936127625e-07, "effective_compute": 202901520388.10858}
{"completed": 15, "candidate": "adaptive_2_6", "raw_mse": 1.7581823167005752e-07, "effective_compute": 187310123218.83246}
{"completed": 16, "candidate": "adaptive_2_6", "raw_mse": 1.2333612353727206e-07, "effective_compute": 187030601677.85828}
{"completed": 17, "candidate": "adaptive_2_6", "raw_mse": 1.8969350561345785e-07, "effective_compute": 187600421868.41263}
{"completed": 18, "candidate": "adaptive_2_6", "raw_mse": 1.3893646386341296e-07, "effective_compute": 189011706042.316}
{"completed": 19, "candidate": "adaptive_2_6", "raw_mse": 1.4436868228305554e-07, "effective_compute": 186281817172.6848}
{"completed": 20, "candidate": "adaptive_2_6", "raw_mse": 3.9878092223225933e-07, "effective_compute": 191553168779.6114}
{"completed": 21, "candidate": "adaptive_2_6", "raw_mse": 1.1777220211223738e-07, "effective_compute": 206949076154.90128}
{"completed": 22, "candidate": "adaptive_2_6", "raw_mse": 1.8870124044236697e-07, "effective_compute": 200933193829.6319}
{"completed": 23, "candidate": "adaptive_2_6", "raw_mse": 1.2355648565225027e-07, "effective_compute": 194626367917.5938}
{"completed": 24, "candidate": "adaptive_2_6", "raw_mse": 1.7801257222118656e-07, "effective_compute": 195123137034.02008}
{"completed": 25, "candidate": "adaptive_2_6", "raw_mse": 5.577299445034795e-08, "effective_compute": 209785018574.52927}
{"completed": 26, "candidate": "adaptive_2_6", "raw_mse": 2.43906016368179e-07, "effective_compute": 193344651372.5581}
{"completed": 27, "candidate": "adaptive_2_6", "raw_mse": 1.5790840350223846e-07, "effective_compute": 188986060734.22906}
{"completed": 28, "candidate": "adaptive_2_6", "raw_mse": 5.070401847013971e-07, "effective_compute": 199362116779.56586}
{"completed": 29, "candidate": "adaptive_2_6", "raw_mse": 1.161773695340272e-07, "effective_compute": 205314858894.3257}
{"completed": 30, "candidate": "adaptive_2_6", "raw_mse": 1.9225472742973122e-07, "effective_compute": 200374094351.50113}
{"completed": 31, "candidate": "adaptive_2_6", "raw_mse": 1.4462998838002252e-07, "effective_compute": 196221936333.74976}
{"completed": 32, "candidate": "adaptive_2_6", "raw_mse": 1.4827679665587902e-07, "effective_compute": 198879380473.29572}
{"completed": 33, "candidate": "adaptive_2_6", "raw_mse": 1.9800288776432242e-07, "effective_compute": 194675280286.61844}
{"completed": 34, "candidate": "adaptive_2_6", "raw_mse": 1.4773827939273882e-07, "effective_compute": 200774905214.16904}
{"completed": 35, "candidate": "adaptive_2_6", "raw_mse": 1.6246034415092488e-07, "effective_compute": 202115738284.23642}
{"completed": 36, "candidate": "adaptive_2_6", "raw_mse": 1.244492157393466e-07, "effective_compute": 189541759506.5052}
{"completed": 37, "candidate": "adaptive_2_6", "raw_mse": 1.2922758931329585e-07, "effective_compute": 197112678201.28812}
{"completed": 38, "candidate": "adaptive_2_6", "raw_mse": 4.1542945996799217e-07, "effective_compute": 189748213973.99835}
{"completed": 39, "candidate": "adaptive_2_6", "raw_mse": 9.686994613602724e-08, "effective_compute": 195501781940.31195}
{"completed": 40, "candidate": "adaptive_2_6", "raw_mse": 7.335765538618266e-08, "effective_compute": 189748103653.7154}
{"completed": 41, "candidate": "adaptive_2_6", "raw_mse": 7.865232334887936e-08, "effective_compute": 202044770752.17383}
{"completed": 42, "candidate": "adaptive_2_6", "raw_mse": 1.5257612445971697e-07, "effective_compute": 194814516599.45163}
{"completed": 43, "candidate": "adaptive_2_6", "raw_mse": 2.123400310803298e-07, "effective_compute": 200696829034.10135}
{"completed": 44, "candidate": "adaptive_2_6", "raw_mse": 1.2118500043032658e-07, "effective_compute": 189804075912.1936}
{"completed": 45, "candidate": "adaptive_2_6", "raw_mse": 1.28777801988667e-07, "effective_compute": 201687005017.4882}
{"completed": 46, "candidate": "adaptive_2_6", "raw_mse": 1.7253897266546324e-07, "effective_compute": 188157570070.9097}
{"completed": 47, "candidate": "adaptive_2_6", "raw_mse": 2.61117571728514e-07, "effective_compute": 204118673304.63235}
{"completed": 48, "candidate": "adaptive_2_6", "raw_mse": 1.4432314497605473e-07, "effective_compute": 192220452324.46283}
{"completed": 49, "candidate": "adaptive_2_6", "raw_mse": 1.7392946726643987e-07, "effective_compute": 191988031103.4492}
{"completed": 50, "candidate": "adaptive_2_6", "raw_mse": 1.3332729252376084e-06, "effective_compute": 199637291717.56744}
{"completed": 51, "candidate": "adaptive_2_6", "raw_mse": 2.9176879698129826e-07, "effective_compute": 191276528033.33777}
{"completed": 52, "candidate": "adaptive_2_6", "raw_mse": 2.824754132830257e-07, "effective_compute": 197566356201.2431}
{"completed": 53, "candidate": "adaptive_2_6", "raw_mse": 1.0128735909973781e-06, "effective_compute": 193735017895.10535}
{"completed": 54, "candidate": "adaptive_2_6", "raw_mse": 4.6441966586265856e-07, "effective_compute": 201991772670.4398}
{"completed": 55, "candidate": "adaptive_2_6", "raw_mse": 1.3979916161476693e-07, "effective_compute": 187569579751.3645}
{"completed": 56, "candidate": "adaptive_2_6", "raw_mse": 2.0827646159834972e-07, "effective_compute": 216710281438.95306}
{"completed": 57, "candidate": "adaptive_2_6", "raw_mse": 2.3292670377177353e-07, "effective_compute": 190834261742.30527}
{"completed": 58, "candidate": "adaptive_2_6", "raw_mse": 1.5913885141832823e-07, "effective_compute": 188652555245.60693}
{"completed": 59, "candidate": "adaptive_2_6", "raw_mse": 1.376482900743788e-07, "effective_compute": 205314123421.8421}
{"completed": 60, "candidate": "adaptive_2_6", "raw_mse": 3.764595195162433e-07, "effective_compute": 201757506932.58557}
{"completed": 61, "candidate": "adaptive_2_6", "raw_mse": 1.3935806932556467e-07, "effective_compute": 193603529592.80597}
{"completed": 62, "candidate": "adaptive_2_6", "raw_mse": 1.0505843810058585e-07, "effective_compute": 200950679467.61954}
{"completed": 63, "candidate": "adaptive_2_6", "raw_mse": 1.8551568440880854e-07, "effective_compute": 191309861198.12137}
{"completed": 64, "candidate": "adaptive_2_6", "raw_mse": 3.012486423257904e-07, "effective_compute": 196382723360.24628}
{"completed": 65, "candidate": "adaptive_2_6", "raw_mse": 2.829575503763896e-07, "effective_compute": 192760765572.21124}
{"completed": 66, "candidate": "adaptive_2_6", "raw_mse": 3.649432097698351e-07, "effective_compute": 201817741417.42496}
{"completed": 67, "candidate": "adaptive_2_6", "raw_mse": 1.616871665691513e-07, "effective_compute": 191478590216.97134}
{"completed": 68, "candidate": "adaptive_2_6", "raw_mse": 2.2221472853597998e-07, "effective_compute": 200663244574.10236}
{"completed": 69, "candidate": "adaptive_2_6", "raw_mse": 3.1888702353468104e-07, "effective_compute": 191437490152.71484}
{"completed": 70, "candidate": "adaptive_2_6", "raw_mse": 3.138340344886124e-07, "effective_compute": 198667502058.1783}
{"completed": 71, "candidate": "adaptive_2_6", "raw_mse": 4.13109411541445e-07, "effective_compute": 191349725802.513}
{"completed": 72, "candidate": "adaptive_2_6", "raw_mse": 2.023117223950514e-07, "effective_compute": 195033085564.17728}
{"completed": 73, "candidate": "adaptive_2_6", "raw_mse": 2.632485457202097e-07, "effective_compute": 194876626327.70035}
{"completed": 74, "candidate": "adaptive_2_6", "raw_mse": 3.336518653573839e-07, "effective_compute": 191287821608.24927}
{"completed": 75, "candidate": "adaptive_2_6", "raw_mse": 1.5875417742628429e-07, "effective_compute": 205252914203.00812}
{"completed": 76, "candidate": "adaptive_2_6", "raw_mse": 2.0379421861424267e-07, "effective_compute": 190858599542.431}
{"completed": 77, "candidate": "adaptive_2_6", "raw_mse": 1.2925544373437478e-07, "effective_compute": 197129548758.14905}
{"completed": 78, "candidate": "adaptive_2_6", "raw_mse": 4.92667686327764e-07, "effective_compute": 201241291250.33478}
{"completed": 79, "candidate": "adaptive_2_6", "raw_mse": 2.4841386432244366e-07, "effective_compute": 203599984021.8468}
{"completed": 80, "candidate": "adaptive_2_6", "raw_mse": 2.4671717106250016e-07, "effective_compute": 181245340765.3102}
{"completed": 81, "candidate": "adaptive_2_6", "raw_mse": 2.0359000786349563e-07, "effective_compute": 196131426037.72705}
{"completed": 82, "candidate": "adaptive_2_6", "raw_mse": 4.200647917548807e-07, "effective_compute": 199624843747.53952}
{"completed": 83, "candidate": "adaptive_2_6", "raw_mse": 1.1895155872337407e-07, "effective_compute": 186568574368.76868}
{"completed": 84, "candidate": "adaptive_2_6", "raw_mse": 3.874331715659719e-07, "effective_compute": 202421913054.4648}
{"completed": 85, "candidate": "adaptive_2_6", "raw_mse": 3.315348240973198e-07, "effective_compute": 196538658176.3978}
{"completed": 86, "candidate": "adaptive_2_6", "raw_mse": 3.9752883557728715e-07, "effective_compute": 198267228063.28845}
{"completed": 87, "candidate": "adaptive_2_6", "raw_mse": 2.481365333374144e-07, "effective_compute": 189710293674.66248}
{"completed": 88, "candidate": "adaptive_2_6", "raw_mse": 1.936954145371535e-07, "effective_compute": 197711029875.1041}
{"completed": 89, "candidate": "adaptive_2_6", "raw_mse": 9.827307865733824e-08, "effective_compute": 193381518248.06076}
{"completed": 90, "candidate": "adaptive_2_6", "raw_mse": 1.6797917127068974e-07, "effective_compute": 189567214094.98465}
{"completed": 91, "candidate": "adaptive_2_6", "raw_mse": 7.825149135315772e-08, "effective_compute": 197586423625.20474}
{"completed": 92, "candidate": "adaptive_2_6", "raw_mse": 3.4346704381817984e-07, "effective_compute": 206630578282.52512}
{"completed": 93, "candidate": "adaptive_2_6", "raw_mse": 5.422388151275133e-08, "effective_compute": 195430591298.14487}
{"completed": 94, "candidate": "adaptive_2_6", "raw_mse": 1.294669785386477e-07, "effective_compute": 198090000232.7655}
{"completed": 95, "candidate": "adaptive_2_6", "raw_mse": 2.848982860863602e-07, "effective_compute": 182798960474.77396}
{"completed": 96, "candidate": "adaptive_2_6", "raw_mse": 2.0696500697402097e-07, "effective_compute": 206740389494.83585}
{"completed": 97, "candidate": "adaptive_2_6", "raw_mse": 3.4809021409350976e-07, "effective_compute": 201482234963.16904}
{"completed": 98, "candidate": "adaptive_2_6", "raw_mse": 1.65813191501752e-07, "effective_compute": 194314707196.05542}
{"completed": 99, "candidate": "adaptive_2_6", "raw_mse": 1.310640595240539e-07, "effective_compute": 199039395454.7888}
{
  "baseline": {
    "networks": 100,
    "mean_raw_final_mse": 2.281940793746357e-07,
    "mean_adjusted_score": 1.4736805918839302e-07,
    "mean_tracked_flops": 170906815488.0,
    "mean_residual_wall_time_s": 0.047096314758528025,
    "mean_effective_compute": 175616446963.8528,
    "peak_rss_kib": 4583997440,
    "process_wall_time_s": 1819.4252880420536,
    "fallback_count": 0,
    "mean_internal_timing_s": {
      "final_reduction_s": 0.005568538280203939,
      "full_propagation_s": 17.823024728370363
    }
  },
  "two_layer": {
    "networks": 100,
    "mean_raw_final_mse": 2.2834899608596867e-07,
    "mean_adjusted_score": 1.5148801662635195e-07,
    "mean_tracked_flops": 176763310302.4,
    "mean_residual_wall_time_s": 0.04364790131337941,
    "mean_effective_compute": 181128100433.73798,
    "peak_rss_kib": 3567206400,
    "process_wall_time_s": 1593.77977241599,
    "fallback_count": 0,
    "mean_internal_timing_s": {
      "classification_selection_s": 0.0017019883450120688,
      "pilot_pack_s": 0.00043215003795921803,
      "pilot_rollout_s": 0.0015397987514734269,
      "prefix_propagation_s": 15.466587152555585,
      "selected_anchor_extension_s": 6.612390279769897e-07,
      "symbolic_composition_s": 0.046147169631440194
    },
    "wins": 8,
    "median_network_ratio": 1.0307981171892258,
    "worst_network_ratio": 1.0970668889366546,
    "mean_score_ratio": 1.0279569226917213,
    "network_bootstrap_interval": [
      1.0233038734190687,
      1.0329372696220964
    ]
  },
  "fixed_three": {
    "networks": 100,
    "mean_raw_final_mse": 2.2975232683719558e-07,
    "mean_adjusted_score": 1.535011050625822e-07,
    "mean_tracked_flops": 178611936932.56,
    "mean_residual_wall_time_s": 0.043161556203849614,
    "mean_effective_compute": 182928092552.94495,
    "peak_rss_kib": 4206313472,
    "process_wall_time_s": 1530.791201457847,
    "fallback_count": 0,
    "mean_internal_timing_s": {
      "classification_selection_s": 0.001928078713826835,
      "pilot_pack_s": 0.00039410291472449896,
      "pilot_rollout_s": 0.0019367017084732652,
      "prefix_propagation_s": 14.88165009120945,
      "selected_anchor_extension_s": 6.391457282006741e-07,
      "symbolic_composition_s": 0.05912034539971501
    },
    "wins": 9,
    "median_network_ratio": 1.0487691668859085,
    "worst_network_ratio": 1.1522026125570257,
    "mean_score_ratio": 1.0416171991947645,
    "network_bootstrap_interval": [
      1.0332108976897505,
      1.050661665113604
    ]
  },
  "adaptive_2_6": {
    "networks": 100,
    "mean_raw_final_mse": 2.2842560836924722e-07,
    "mean_adjusted_score": 1.6498727881561993e-07,
    "mean_tracked_flops": 191568797657.36,
    "mean_residual_wall_time_s": 0.045142123785335574,
    "mean_effective_compute": 196083010035.89355,
    "peak_rss_kib": 3962388480,
    "process_wall_time_s": 1488.4951736670919,
    "fallback_count": 0,
    "mean_internal_timing_s": {
      "classification_selection_s": 0.010742386211641133,
      "pilot_pack_s": 0.00040379667887464166,
      "pilot_rollout_s": 0.003530528300907463,
      "prefix_propagation_s": 13.294185857935808,
      "selected_anchor_extension_s": 1.0965940320934169,
      "symbolic_composition_s": 0.10953057376202197
    },
    "wins": 0,
    "median_network_ratio": 1.1143183383841784,
    "worst_network_ratio": 1.234026525395639,
    "mean_score_ratio": 1.1195592839063095,
    "network_bootstrap_interval": [
      1.1120157829436135,
      1.1266825305722534
    ]
  }
}
